Archive member included to satisfy reference by file (symbol)

/opt/stm32cubeide/plugins/com.st.stm32cube.ide.mcu.externaltools.gnu-tools-for-stm32.13.3.rel1.linux64_1.0.0.202410170706/tools/bin/../lib/gcc/arm-none-eabi/13.3.1/../../../../arm-none-eabi/lib/thumb/v7e-m+fp/hard/libc_nano.a(libc_a-atoi.o)
                              ./shell/user_function.o (atoi)
/opt/stm32cubeide/plugins/com.st.stm32cube.ide.mcu.externaltools.gnu-tools-for-stm32.13.3.rel1.linux64_1.0.0.202410170706/tools/bin/../lib/gcc/arm-none-eabi/13.3.1/../../../../arm-none-eabi/lib/thumb/v7e-m+fp/hard/libc_nano.a(libc_a-exit.o)
                              /opt/stm32cubeide/plugins/com.st.stm32cube.ide.mcu.externaltools.gnu-tools-for-stm32.13.3.rel1.linux64_1.0.0.202410170706/tools/bin/../lib/gcc/arm-none-eabi/13.3.1/../../../../arm-none-eabi/lib/thumb/v7e-m+fp/hard/crt0.o (exit)
/opt/stm32cubeide/plugins/com.st.stm32cube.ide.mcu.externaltools.gnu-tools-for-stm32.13.3.rel1.linux64_1.0.0.202410170706/tools/bin/../lib/gcc/arm-none-eabi/13.3.1/../../../../arm-none-eabi/lib/thumb/v7e-m+fp/hard/libc_nano.a(libc_a-strtol.o)
                              /opt/stm32cubeide/plugins/com.st.stm32cube.ide.mcu.externaltools.gnu-tools-for-stm32.13.3.rel1.linux64_1.0.0.202410170706/tools/bin/../lib/gcc/arm-none-eabi/13.3.1/../../../../arm-none-eabi/lib/thumb/v7e-m+fp/hard/libc_nano.a(libc_a-atoi.o) (_strtol_r)
/opt/stm32cubeide/plugins/com.st.stm32cube.ide.mcu.externaltools.gnu-tools-for-stm32.13.3.rel1.linux64_1.0.0.202410170706/tools/bin/../lib/gcc/arm-none-eabi/13.3.1/../../../../arm-none-eabi/lib/thumb/v7e-m+fp/hard/libc_nano.a(libc_a-ctype_.o)
                              /opt/stm32cubeide/plugins/com.st.stm32cube.ide.mcu.externaltools.gnu-tools-for-stm32.13.3.rel1.linux64_1.0.0.202410170706/tools/bin/../lib/gcc/arm-none-eabi/13.3.1/../../../../arm-none-eabi/lib/thumb/v7e-m+fp/hard/libc_nano.a(libc_a-strtol.o) (_ctype_)
/opt/stm32cubeide/plugins/com.st.stm32cube.ide.mcu.externaltools.gnu-tools-for-stm32.13.3.rel1.linux64_1.0.0.202410170706/tools/bin/../lib/gcc/arm-none-eabi/13.3.1/../../../../arm-none-eabi/lib/thumb/v7e-m+fp/hard/libc_nano.a(libc_a-findfp.o)
                              ./Middlewares/Third_Party/FreeRTOS/Source/tasks.o (__sf)
/opt/stm32cubeide/plugins/com.st.stm32cube.ide.mcu.externaltools.gnu-tools-for-stm32.13.3.rel1.linux64_1.0.0.202410170706/tools/bin/../lib/gcc/arm-none-eabi/13.3.1/../../../../arm-none-eabi/lib/thumb/v7e-m+fp/hard/libc_nano.a(libc_a-fwalk.o)
                              /opt/stm32cubeide/plugins/com.st.stm32cube.ide.mcu.externaltools.gnu-tools-for-stm32.13.3.rel1.linux64_1.0.0.202410170706/tools/bin/../lib/gcc/arm-none-eabi/13.3.1/../../../../arm-none-eabi/lib/thumb/v7e-m+fp/hard/libc_nano.a(libc_a-findfp.o) (_fwalk_sglue)
/opt/stm32cubeide/plugins/com.st.stm32cube.ide.mcu.externaltools.gnu-tools-for-stm32.13.3.rel1.linux64_1.0.0.202410170706/tools/bin/../lib/gcc/arm-none-eabi/13.3.1/../../../../arm-none-eabi/lib/thumb/v7e-m+fp/hard/libc_nano.a(libc_a-printf.o)
                              ./Core/Src/audio/audio.o (printf)
/opt/stm32cubeide/plugins/com.st.stm32cube.ide.mcu.externaltools.gnu-tools-for-stm32.13.3.rel1.linux64_1.0.0.202410170706/tools/bin/../lib/gcc/arm-none-eabi/13.3.1/../../../../arm-none-eabi/lib/thumb/v7e-m+fp/hard/libc_nano.a(libc_a-puts.o)
                              ./Core/Src/main.o (puts)
/opt/stm32cubeide/plugins/com.st.stm32cube.ide.mcu.externaltools.gnu-tools-for-stm32.13.3.rel1.linux64_1.0.0.202410170706/tools/bin/../lib/gcc/arm-none-eabi/13.3.1/../../../../arm-none-eabi/lib/thumb/v7e-m+fp/hard/libc_nano.a(libc_a-snprintf.o)
                              ./shell/shell.o (snprintf)
/opt/stm32cubeide/plugins/com.st.stm32cube.ide.mcu.externaltools.gnu-tools-for-stm32.13.3.rel1.linux64_1.0.0.202410170706/tools/bin/../lib/gcc/arm-none-eabi/13.3.1/../../../../arm-none-eabi/lib/thumb/v7e-m+fp/hard/libc_nano.a(libc_a-stdio.o)
                              /opt/stm32cubeide/plugins/com.st.stm32cube.ide.mcu.externaltools.gnu-tools-for-stm32.13.3.rel1.linux64_1.0.0.202410170706/tools/bin/../lib/gcc/arm-none-eabi/13.3.1/../../../../arm-none-eabi/lib/thumb/v7e-m+fp/hard/libc_nano.a(libc_a-findfp.o) (__sread)
/opt/stm32cubeide/plugins/com.st.stm32cube.ide.mcu.externaltools.gnu-tools-for-stm32.13.3.rel1.linux64_1.0.0.202410170706/tools/bin/../lib/gcc/arm-none-eabi/13.3.1/../../../../arm-none-eabi/lib/thumb/v7e-m+fp/hard/libc_nano.a(libc_a-wbuf.o)
                              /opt/stm32cubeide/plugins/com.st.stm32cube.ide.mcu.externaltools.gnu-tools-for-stm32.13.3.rel1.linux64_1.0.0.202410170706/tools/bin/../lib/gcc/arm-none-eabi/13.3.1/../../../../arm-none-eabi/lib/thumb/v7e-m+fp/hard/libc_nano.a(libc_a-puts.o) (__swbuf_r)
/opt/stm32cubeide/plugins/com.st.stm32cube.ide.mcu.externaltools.gnu-tools-for-stm32.13.3.rel1.linux64_1.0.0.202410170706/tools/bin/../lib/gcc/arm-none-eabi/13.3.1/../../../../arm-none-eabi/lib/thumb/v7e-m+fp/hard/libc_nano.a(libc_a-wsetup.o)
[...]
Memory Configuration

Name             Origin             Length             Attributes
RAM              0x20000000         0x00018000         xrw
RAM2             0x10000000         0x00008000         xrw
FLASH            0x08000000         0x00100000         xr
*default*        0x00000000         0xffffffff

Linker script and memory map

LOAD /opt/stm32cubeide/plugins/com.st.stm32cube.ide.mcu.externaltools.gnu-tools-for-stm32.13.3.rel1.linux64_1.0.0.202410170706/tools/bin/../lib/gcc/arm-none-eabi/13.3.1/thumb/v7e-m+fp/hard/crti.o
LOAD /opt/stm32cubeide/plugins/com.st.stm32cube.ide.mcu.externaltools.gnu-tools-for-stm32.13.3.rel1.linux64_1.0.0.202410170706/tools/bin/../lib/gcc/arm-none-eabi/13.3.1/thumb/v7e-m+fp/hard/crtbegin.o
LOAD /opt/stm32cubeide/plugins/com.st.stm32cube.ide.mcu.externaltools.gnu-tools-for-stm32.13.3.rel1.linux64_1.0.0.202410170706/tools/bin/../lib/gcc/arm-none-eabi/13.3.1/../../../../arm-none-eabi/lib/thumb/v7e-m+fp/hard/crt0.o
LOAD ./Core/Src/audio/RCFilter.o
LOAD ./Core/Src/audio/audio.o
LOAD ./Core/Src/dma.o
LOAD ./Core/Src/freertos.o
LOAD ./Core/Src/gpio.o
LOAD ./Core/Src/i2c.o
LOAD ./Core/Src/main.o
LOAD ./Core/Src/sai.o
LOAD ./Core/Src/spi.o
LOAD ./Core/Src/stm32l4xx_hal_msp.o
LOAD ./Core/Src/stm32l4xx_hal_timebase_tim.o
LOAD ./Core/Src/stm32l4xx_it.o
LOAD ./Core/Src/syscalls.o
LOAD ./Core/Src/sysmem.o
LOAD ./Core/Src/system_stm32l4xx.o
LOAD ./Core/Src/usart.o
LOAD ./Core/Src/usb_otg.o
LOAD ./Core/Startup/startup_stm32l476rgtx.o
LOAD ./Drivers/STM32L4xx_HAL_Driver/Src/stm32l4xx_hal.o
LOAD ./Drivers/STM32L4xx_HAL_Driver/Src/stm32l4xx_hal_cortex.o
LOAD ./Drivers/STM32L4xx_HAL_Driver/Src/stm32l4xx_hal_dma.o
LOAD ./Drivers/STM32L4xx_HAL_Driver/Src/stm32l4xx_hal_dma_ex.o
LOAD ./Drivers/STM32L4xx_HAL_Driver/Src/stm32l4xx_hal_exti.o
LOAD ./Drivers/STM32L4xx_HAL_Driver/Src/stm32l4xx_hal_flash.o
LOAD ./Drivers/STM32L4xx_HAL_Driver/Src/stm32l4xx_hal_flash_ex.o
LOAD ./Drivers/STM32L4xx_HAL_Driver/Src/stm32l4xx_hal_flash_ramfunc.o
LOAD ./Drivers/STM32L4xx_HAL_Driver/Src/stm32l4xx_hal_gpio.o
LOAD ./Drivers/STM32L4xx_HAL_Driver/Src/stm32l4xx_hal_i2c.o
LOAD ./Drivers/STM32L4xx_HAL_Driver/Src/stm32l4xx_hal_i2c_ex.o
LOAD ./Drivers/STM32L4xx_HAL_Driver/Src/stm32l4xx_hal_pcd.o
LOAD ./Drivers/STM32L4xx_HAL_Driver/Src/stm32l4xx_hal_pcd_ex.o
LOAD ./Drivers/STM32L4xx_HAL_Driver/Src/stm32l4xx_hal_pwr.o
LOAD ./Drivers/STM32L4xx_HAL_Driver/Src/stm32l4xx_hal_pwr_ex.o
LOAD ./Drivers/STM32L4xx_HAL_Driver/Src/stm32l4xx_hal_rcc.o
LOAD ./Drivers/STM32L4xx_HAL_Driver/Src/stm32l4xx_hal_rcc_ex.o
LOAD ./Drivers/STM32L4xx_HAL_Driver/Src/stm32l4xx_hal_sai.o
LOAD ./Drivers/STM32L4xx_HAL_Driver/Src/stm32l4xx_hal_sai_ex.o
LOAD ./Drivers/STM32L4xx_HAL_Driver/Src/stm32l4xx_hal_spi.o
LOAD ./Drivers/STM32L4xx_HAL_Driver/Src/stm32l4xx_hal_spi_ex.o
LOAD ./Drivers/STM32L4xx_HAL_Driver/Src/stm32l4xx_hal_tim.o
LOAD ./Drivers/STM32L4xx_HAL_Driver/Src/stm32l4xx_hal_tim_ex.o
LOAD ./Drivers/STM32L4xx_HAL_Driver/Src/stm32l4xx_hal_uart.o
LOAD ./Drivers/STM32L4xx_HAL_Driver/Src/stm32l4xx_hal_uart_ex.o
LOAD ./Drivers/STM32L4xx_HAL_Driver/Src/stm32l4xx_ll_usb.o
LOAD ./MCP23S17_/mcp23s17.o
LOAD ./Middlewares/Third_Party/FreeRTOS/Source/CMSIS_RTOS/cmsis_os.o
LOAD ./Middlewares/Third_Party/FreeRTOS/Source/croutine.o
LOAD ./Middlewares/Third_Party/FreeRTOS/Source/event_groups.o
LOAD ./Middlewares/Third_Party/FreeRTOS/Source/list.o
LOAD ./Middlewares/Third_Party/FreeRTOS/Source/queue.o
LOAD ./Middlewares/Third_Party/FreeRTOS/Source/stream_buffer.o
LOAD ./Middlewares/Third_Party/FreeRTOS/Source/tasks.o
LOAD ./Middlewares/Third_Party/FreeRTOS/Source/timers.o
LOAD ./Middlewares/Third_Party/FreeRTOS/Source/portable/GCC/ARM_CM4F/port.o
LOAD ./Middlewares/Third_Party/FreeRTOS/Source/portable/MemMang/heap_4.o
LOAD ./sgtl5000/sgtl5000.o
LOAD ./shell/shell.o
LOAD ./shell/user_function.o
START GROUP
LOAD /opt/stm32cubeide/plugins/com.st.stm32cube.ide.mcu.externaltools.gnu-tools-for-stm32.13.3.rel1.linux64_1.0.0.202410170706/tools/bin/../lib/gcc/arm-none-eabi/13.3.1/../../../../arm-none-eabi/lib/thumb/v7e-m+fp/hard/libc_nano.a
LOAD /opt/stm32cubeide/plugins/com.st.stm32cube.ide.mcu.externaltools.gnu-tools-for-stm32.13.3.rel1.linux64_1.0.0.202410170706/tools/bin/../lib/gcc/arm-none-eabi/13.3.1/../../../../arm-none-eabi/lib/thumb/v7e-m+fp/hard/libm.a
END GROUP
START GROUP
LOAD /opt/stm32cubeide/plugins/com.st.stm32cube.ide.mcu.externaltools.gnu-tools-for-stm32.13.3.rel1.linux64_1.0.0.202410170706/tools/bin/../lib/gcc/arm-none-eabi/13.3.1/thumb/v7e-m+fp/hard/libgcc.a
LOAD /opt/stm32cubeide/plugins/com.st.stm32cube.ide.mcu.externaltools.gnu-tools-for-stm32.13.3.rel1.linux64_1.0.0.202410170706/tools/bin/../lib/gcc/arm-none-eabi/13.3.1/../../../../arm-none-eabi/lib/thumb/v7e-m+fp/hard/libc_nano.a
END GROUP
START GROUP
LOAD /opt/stm32cubeide/plugins/com.st.stm32cube.ide.mcu.externaltools.gnu-tools-for-stm32.13.3.rel1.linux64_1.0.0.202410170706/tools/bin/../lib/gcc/arm-none-eabi/13.3.1/thumb/v7e-m+fp/hard/libgcc.a
LOAD /opt/stm32cubeide/plugins/com.st.stm32cube.ide.mcu.externaltools.gnu-tools-for-stm32.13.3.rel1.linux64_1.0.0.202410170706/tools/bin/../lib/gcc/arm-none-eabi/13.3.1/../../../../arm-none-eabi/lib/thumb/v7e-m+fp/hard/libc_nano.a
LOAD /opt/stm32cubeide/plugins/com.st.stm32cube.ide.mcu.externaltools.gnu-tools-for-stm32.13.3.rel1.linux64_1.0.0.202410170706/tools/bin/../lib/gcc/arm-none-eabi/13.3.1/../../../../arm-none-eabi/lib/thumb/v7e-m+fp/hard/libnosys.a
END GROUP
START GROUP
LOAD /opt/stm32cubeide/plugins/com.st.stm32cube.ide.mcu.externaltools.gnu-tools-for-stm32.13.3.rel1.linux64_1.0.0.202410170706/tools/bin/../lib/gcc/arm-none-eabi/13.3.1/thumb/v7e-m+fp/hard/libgcc.a
LOAD /opt/stm32cubeide/plugins/com.st.stm32cube.ide.mcu.externaltools.gnu-tools-for-stm32.13.3.rel1.linux64_1.0.0.202410170706/tools/bin/../lib/gcc/arm-none-eabi/13.3.1/../../../../arm-none-eabi/lib/thumb/v7e-m+fp/hard/libc_nano.a
LOAD /opt/stm32cubeide/plugins/com.st.stm32cube.ide.mcu.externaltools.gnu-tools-for-stm32.13.3.rel1.linux64_1.0.0.202410170706/tools/bin/../lib/gcc/arm-none-eabi/13.3.1/../../../../arm-none-eabi/lib/thumb/v7e-m+fp/hard/libnosys.a
END GROUP
LOAD /opt/stm32cubeide/plugins/com.st.stm32cube.ide.mcu.externaltools.gnu-tools-for-stm32.13.3.rel1.linux64_1.0.0.202410170706/tools/bin/../lib/gcc/arm-none-eabi/13.3.1/thumb/v7e-m+fp/hard/crtend.o
LOAD /opt/stm32cubeide/plugins/com.st.stm32cube.ide.mcu.externaltools.gnu-tools-for-stm32.13.3.rel1.linux64_1.0.0.202410170706/tools/bin/../lib/gcc/arm-none-eabi/13.3.1/thumb/v7e-m+fp/hard/crtn.o
                0x20018000                        _estack = (ORIGIN (RAM) + LENGTH (RAM))
                0x00000200                        _Min_Heap_Size = 0x200
                0x00000400                        _Min_Stack_Size = 0x400

.isr_vector     0x08000000      0x188
                0x08000000                        . = ALIGN (0x4)
 *(.isr_vector)
 .isr_vector    0x08000000      0x188 ./Core/Startup/startup_stm32l476rgtx.o
                0x08000000                g_pfnVectors
                0x08000188                        . = ALIGN (0x4)

.text           0x08000190     0xcfd4
                0x08000190                        . = ALIGN (0x4)
 *(.text)
 .text          0x08000190       0x40 /opt/stm32cubeide/plugins/com.st.stm32cube.ide.mcu.externaltools.gnu-tools-for-stm32.13.3.rel1.linux64_1.0.0.202410170706/tools/bin/../lib/gcc/arm-none-eabi/13.3.1/thumb/v7e-m+fp/hard/crtbegin.o
 .text          0x080001d0       0xa0 /opt/stm32cubeide/plugins/com.st.stm32cube.ide.mcu.externaltools.gnu-tools-for-stm32.13.3.rel1.linux64_1.0.0.202410170706/tools/bin/../lib/gcc/arm-none-eabi/13.3.1/../../../../arm-none-eabi/lib/thumb/v7e-m+fp/hard/libc_nano.a(libc_a-memchr.o)
                0x080001d0                memchr
 .text          0x08000270      0x378 /opt/stm32cubeide/plugins/com.st.stm32cube.ide.mcu.externaltools.gnu-tools-for-stm32.13.3.rel1.linux64_1.0.0.202410170706/tools/bin/../lib/gcc/arm-none-eabi/13.3.1/thumb/v7e-m+fp/hard/libgcc.a(_arm_addsubdf3.o)
                0x08000270                __aeabi_drsub
                0x08000278                __aeabi_dsub
                0x08000278                __subdf3
                0x0800027c                __adddf3
                0x0800027c                __aeabi_dadd
                0x080004f4                __aeabi_ui2d
                0x080004f4                __floatunsidf
                0x08000514                __floatsidf
                0x08000514                __aeabi_i2d
                0x08000538                __extendsfdf2
                0x08000538                __aeabi_f2d
                0x0800057c                __aeabi_ul2d
                0x0800057c                __floatundidf
                0x0800058c                __floatdidf
                0x0800058c                __aeabi_l2d
 .text          0x080005e8      0x424 /opt/stm32cubeide/plugins/com.st.stm32cube.ide.mcu.externaltools.gnu-tools-for-stm32.13.3.rel1.linux64_1.0.0.202410170706/tools/bin/../lib/gcc/arm-none-eabi/13.3.1/thumb/v7e-m+fp/hard/libgcc.a(_arm_muldivdf3.o)
                0x080005e8                __aeabi_dmul
                0x080005e8                __muldf3
                0x0800083c                __aeabi_ddiv
                0x0800083c                __divdf3
 .text          0x08000a0c       0x40 /opt/stm32cubeide/plugins/com.st.stm32cube.ide.mcu.externaltools.gnu-tools-for-stm32.13.3.rel1.linux64_1.0.0.202410170706/tools/bin/../lib/gcc/arm-none-eabi/13.3.1/thumb/v7e-m+fp/hard/libgcc.a(_arm_fixunsdfsi.o)
                0x08000a0c                __fixunsdfsi
                0x08000a0c                __aeabi_d2uiz
 .text          0x08000a4c       0xa0 /opt/stm32cubeide/plugins/com.st.stm32cube.ide.mcu.externaltools.gnu-tools-for-stm32.13.3.rel1.linux64_1.0.0.202410170706/tools/bin/../lib/gcc/arm-none-eabi/13.3.1/thumb/v7e-m+fp/hard/libgcc.a(_aeabi_ldivmod.o)
                0x08000a4c                __aeabi_ldivmod
 .text          0x08000aec       0x30 /opt/stm32cubeide/plugins/com.st.stm32cube.ide.mcu.externaltools.gnu-tools-for-stm32.13.3.rel1.linux64_1.0.0.202410170706/tools/bin/../lib/gcc/arm-none-eabi/13.3.1/thumb/v7e-m+fp/hard/libgcc.a(_aeabi_uldivmod.o)
                0x08000aec                __aeabi_uldivmod
 .text          0x08000b1c      0x2f8 /opt/stm32cubeide/plugins/com.st.stm32cube.ide.mcu.externaltools.gnu-tools-for-stm32.13.3.rel1.linux64_1.0.0.202410170706/tools/bin/../lib/gcc/arm-none-eabi/13.3.1/thumb/v7e-m+fp/hard/libgcc.a(_udivmoddi4.o)
                0x08000b1c                __udivmoddi4
 .text          0x08000e14        0x4 /opt/stm32cubeide/plugins/com.st.stm32cube.ide.mcu.externaltools.gnu-tools-for-stm32.13.3.rel1.linux64_1.0.0.202410170706/tools/bin/../lib/gcc/arm-none-eabi/13.3.1/thumb/v7e-m+fp/hard/libgcc.a(_dvmd_tls.o)
                0x08000e14                __aeabi_ldiv0
                0x08000e14                __aeabi_idiv0
 *(.text*)
 .text.RC_filter_init
                0x08000e18       0xac ./Core/Src/audio/RCFilter.o
                0x08000e18                RC_filter_init
 .text.RC_filter_update
                0x08000ec4       0x4c ./Core/Src/audio/RCFilter.o
                0x08000ec4                RC_filter_update
 .text.RC_buffer_stereo
                0x08000f10       0x7c ./Core/Src/audio/RCFilter.o
                0x08000f10                RC_buffer_stereo
 .text.HAL_SAI_TxHalfCpltCallback
                0x08000f8c       0x5c ./Core/Src/audio/audio.o
                0x08000f8c                HAL_SAI_TxHalfCpltCallback
 .text.HAL_SAI_TxCpltCallback
                0x08000fe8       0x5c ./Core/Src/audio/audio.o
                0x08000fe8                HAL_SAI_TxCpltCallback
 .text.audio_task
                0x08001044       0xc0 ./Core/Src/audio/audio.o
                0x08001044                audio_task
 .text.audio_process_task
                0x08001104       0xf8 ./Core/Src/audio/audio.o
                0x08001104                audio_process_task
 .text.fill_triangle_wave_stereo
                0x080011fc      0x174 ./Core/Src/audio/audio.o
                0x080011fc                fill_triangle_wave_stereo
 .text.MX_DMA_Init
                0x08001370       0x4c ./Core/Src/dma.o
                0x08001370                MX_DMA_Init
 .text.vApplicationGetIdleTaskMemory
                0x080013bc       0x34 ./Core/Src/freertos.o
                0x080013bc                vApplicationGetIdleTaskMemory
 .text.MX_FREERTOS_Init
                0x080013f0       0x38 ./Core/Src/freertos.o
                0x080013f0                MX_FREERTOS_Init
 .text.StartDefaultTask
                0x08001428       0x10 ./Core/Src/freertos.o
                0x08001428                StartDefaultTask
 .text.MX_GPIO_Init
                0x08001438      0x104 ./Core/Src/gpio.o
                0x08001438                MX_GPIO_Init
 .text.MX_I2C2_Init
                0x0800153c       0x80 ./Core/Src/i2c.o
                0x0800153c                MX_I2C2_Init
 .text.HAL_I2C_MspInit
                0x080015bc       0xbc ./Core/Src/i2c.o
                0x080015bc                HAL_I2C_MspInit
 .text.__io_putchar
                0x08001678       0x24 ./Core/Src/main.o
                0x08001678                __io_putchar
 .text.cs_low   0x0800169c       0x20 ./Core/Src/main.o
                0x0800169c                cs_low
 .text.cs_high  0x080016bc       0x20 ./Core/Src/main.o
                0x080016bc                cs_high
 .text.delay_ms
                0x080016dc       0x30 ./Core/Src/main.o
                0x080016dc                delay_ms
 .text.spi_send
                0x0800170c       0x28 ./Core/Src/main.o
                0x0800170c                spi_send
 .text.spi_recv
                0x08001734       0x2c ./Core/Src/main.o
                0x08001734                spi_recv
 .text.drv_uart_receive
                0x08001760       0x28 ./Core/Src/main.o
                0x08001760                drv_uart_receive
 .text.drv_uart_transmit
                0x08001788       0x28 ./Core/Src/main.o
                0x08001788                drv_uart_transmit
 .text.task_led
                0x080017b0       0x1c ./Core/Src/main.o
                0x080017b0                task_led
 .text.main     0x080017cc      0x1bc ./Core/Src/main.o
                0x080017cc                main
 .text.SystemClock_Config
                0x08001988       0xa4 ./Core/Src/main.o
                0x08001988                SystemClock_Config
 .text.PeriphCommonClock_Config
                0x08001a2c       0x52 ./Core/Src/main.o
                0x08001a2c                PeriphCommonClock_Config
 *fill*         0x08001a7e        0x2 
 .text.HAL_TIM_PeriodElapsedCallback
                0x08001a80       0x24 ./Core/Src/main.o
                0x08001a80                HAL_TIM_PeriodElapsedCallback
 .text.Error_Handler
                0x08001aa4        0xc ./Core/Src/main.o
                0x08001aa4                Error_Handler
 .text.MX_SAI2_Init
                0x08001ab0       0xc0 ./Core/Src/sai.o
                0x08001ab0                MX_SAI2_Init
 .text.HAL_SAI_MspInit
                0x08001b70      0x1c8 ./Core/Src/sai.o
                0x08001b70                HAL_SAI_MspInit
 .text.MX_SPI3_Init
                0x08001d38       0x7c ./Core/Src/spi.o
                0x08001d38                MX_SPI3_Init
 .text.HAL_SPI_MspInit
                0x08001db4       0xc4 ./Core/Src/spi.o
                0x08001db4                HAL_SPI_MspInit
 .text.HAL_MspInit
                0x08001e78       0x50 ./Core/Src/stm32l4xx_hal_msp.o
                0x08001e78                HAL_MspInit
 .text.HAL_InitTick
                0x08001ec8       0xf4 ./Core/Src/stm32l4xx_hal_timebase_tim.o
                0x08001ec8                HAL_InitTick
 .text.NMI_Handler
                0x08001fbc        0x8 ./Core/Src/stm32l4xx_it.o
                0x08001fbc                NMI_Handler
 .text.HardFault_Handler
                0x08001fc4        0x8 ./Core/Src/stm32l4xx_it.o
                0x08001fc4                HardFault_Handler
 .text.MemManage_Handler
                0x08001fcc        0x8 ./Core/Src/stm32l4xx_it.o
                0x08001fcc                MemManage_Handler
 .text.BusFault_Handler
                0x08001fd4        0x8 ./Core/Src/stm32l4xx_it.o
                0x08001fd4                BusFault_Handler
 .text.UsageFault_Handler
                0x08001fdc        0x8 ./Core/Src/stm32l4xx_it.o
                0x08001fdc                UsageFault_Handler
 .text.DebugMon_Handler
                0x08001fe4        0xe ./Core/Src/stm32l4xx_it.o
                0x08001fe4                DebugMon_Handler
 *fill*         0x08001ff2        0x2 
 .text.DMA1_Channel6_IRQHandler
                0x08001ff4       0x14 ./Core/Src/stm32l4xx_it.o
                0x08001ff4                DMA1_Channel6_IRQHandler
 .text.DMA1_Channel7_IRQHandler
                0x08002008       0x14 ./Core/Src/stm32l4xx_it.o
                0x08002008                DMA1_Channel7_IRQHandler
 .text.TIM6_DAC_IRQHandler
                0x0800201c       0x14 ./Core/Src/stm32l4xx_it.o
                0x0800201c                TIM6_DAC_IRQHandler
 .text.SAI2_IRQHandler
                0x08002030       0x1c ./Core/Src/stm32l4xx_it.o
                0x08002030                SAI2_IRQHandler
 .text._read    0x0800204c       0x3a ./Core/Src/syscalls.o
                0x0800204c                _read
 .text._write   0x08002086       0x38 ./Core/Src/syscalls.o
                0x08002086                _write
 .text._close   0x080020be       0x18 ./Core/Src/syscalls.o
                0x080020be                _close
 .text._fstat   0x080020d6       0x20 ./Core/Src/syscalls.o
                0x080020d6                _fstat
 .text._isatty  0x080020f6       0x16 ./Core/Src/syscalls.o
                0x080020f6                _isatty
 .text._lseek   0x0800210c       0x1a ./Core/Src/syscalls.o
                0x0800210c                _lseek
 *fill*         0x08002126        0x2 
 .text._sbrk    0x08002128       0x6c ./Core/Src/sysmem.o
                0x08002128                _sbrk
 .text.SystemInit
                0x08002194       0x24 ./Core/Src/system_stm32l4xx.o
                0x08002194                SystemInit
 .text.MX_USART2_UART_Init
                0x080021b8       0x60 ./Core/Src/usart.o
                0x080021b8                MX_USART2_UART_Init
 .text.HAL_UART_MspInit
                0x08002218       0xb8 ./Core/Src/usart.o
                0x08002218                HAL_UART_MspInit
 .text.MX_USB_OTG_FS_PCD_Init
                0x080022d0       0x5c ./Core/Src/usb_otg.o
                0x080022d0                MX_USB_OTG_FS_PCD_Init
 .text.HAL_PCD_MspInit
                0x0800232c      0x114 ./Core/Src/usb_otg.o
                0x0800232c                HAL_PCD_MspInit
 .text.Reset_Handler
                0x08002440       0x50 ./Core/Startup/startup_stm32l476rgtx.o
                0x08002440                Reset_Handler
 .text.Default_Handler
                0x08002490        0x2 ./Core/Startup/startup_stm32l476rgtx.o
                0x08002490                RTC_Alarm_IRQHandler
                0x08002490                EXTI2_IRQHandler
                0x08002490                TIM8_TRG_COM_IRQHandler
                0x08002490                TIM8_CC_IRQHandler
                0x08002490                TIM1_CC_IRQHandler
                0x08002490                TSC_IRQHandler
                0x08002490                TAMP_STAMP_IRQHandler
                0x08002490                EXTI3_IRQHandler
                0x08002490                LPTIM2_IRQHandler
                0x08002490                DFSDM1_FLT1_IRQHandler
                0x08002490                I2C3_ER_IRQHandler
                0x08002490                DFSDM1_FLT2_IRQHandler
                0x08002490                EXTI0_IRQHandler
                0x08002490                I2C2_EV_IRQHandler
                0x08002490                CAN1_RX0_IRQHandler
                0x08002490                FPU_IRQHandler
                0x08002490                TIM1_UP_TIM16_IRQHandler
                0x08002490                ADC1_2_IRQHandler
                0x08002490                SPI1_IRQHandler
                0x08002490                TIM8_UP_IRQHandler
                0x08002490                DMA2_Channel2_IRQHandler
                0x08002490                DMA1_Channel4_IRQHandler
                0x08002490                DFSDM1_FLT3_IRQHandler
                0x08002490                USART3_IRQHandler
                0x08002490                CAN1_RX1_IRQHandler
                0x08002490                LCD_IRQHandler
                0x08002490                UART5_IRQHandler
                0x08002490                ADC3_IRQHandler
                0x08002490                TIM4_IRQHandler
                0x08002490                DMA2_Channel1_IRQHandler
                0x08002490                QUADSPI_IRQHandler
                0x08002490                I2C1_EV_IRQHandler
                0x08002490                UART4_IRQHandler
                0x08002490                DMA2_Channel4_IRQHandler
                0x08002490                TIM3_IRQHandler
                0x08002490                RCC_IRQHandler
                0x08002490                DMA1_Channel1_IRQHandler
                0x08002490                Default_Handler
                0x08002490                DMA2_Channel7_IRQHandler
                0x08002490                EXTI15_10_IRQHandler
                0x08002490                TIM7_IRQHandler
                0x08002490                SDMMC1_IRQHandler
                0x08002490                TIM5_IRQHandler
                0x08002490                I2C3_EV_IRQHandler
                0x08002490                EXTI9_5_IRQHandler
                0x08002490                RTC_WKUP_IRQHandler
                0x08002490                PVD_PVM_IRQHandler
                0x08002490                SPI2_IRQHandler
                0x08002490                CAN1_TX_IRQHandler
                0x08002490                DMA2_Channel5_IRQHandler
                0x08002490                DMA1_Channel5_IRQHandler
                0x08002490                EXTI4_IRQHandler
                0x08002490                RNG_IRQHandler
                0x08002490                TIM1_TRG_COM_TIM17_IRQHandler
                0x08002490                DMA1_Channel3_IRQHandler
                0x08002490                COMP_IRQHandler
                0x08002490                WWDG_IRQHandler
                0x08002490                LPUART1_IRQHandler
                0x08002490                DMA2_Channel6_IRQHandler
                0x08002490                TIM2_IRQHandler
                0x08002490                EXTI1_IRQHandler
                0x08002490                USART2_IRQHandler
                0x08002490                DFSDM1_FLT0_IRQHandler
                0x08002490                I2C2_ER_IRQHandler
                0x08002490                DMA1_Channel2_IRQHandler
                0x08002490                TIM8_BRK_IRQHandler
                0x08002490                CAN1_SCE_IRQHandler
                0x08002490                FLASH_IRQHandler
                0x08002490                USART1_IRQHandler
                0x08002490                OTG_FS_IRQHandler
                0x08002490                SPI3_IRQHandler
                0x08002490                I2C1_ER_IRQHandler
                0x08002490                FMC_IRQHandler
                0x08002490                SWPMI1_IRQHandler
                0x08002490                LPTIM1_IRQHandler
                0x08002490                SAI1_IRQHandler
                0x08002490                DMA2_Channel3_IRQHandler
                0x08002490                TIM1_BRK_TIM15_IRQHandler
 *fill*         0x08002492        0x2 
 .text.HAL_Init
                0x08002494       0x40 ./Drivers/STM32L4xx_HAL_Driver/Src/stm32l4xx_hal.o
                0x08002494                HAL_Init
 .text.HAL_IncTick
                0x080024d4       0x28 ./Drivers/STM32L4xx_HAL_Driver/Src/stm32l4xx_hal.o
                0x080024d4                HAL_IncTick
 .text.HAL_GetTick
                0x080024fc       0x18 ./Drivers/STM32L4xx_HAL_Driver/Src/stm32l4xx_hal.o
                0x080024fc                HAL_GetTick
 .text.HAL_Delay
                0x08002514       0x48 ./Drivers/STM32L4xx_HAL_Driver/Src/stm32l4xx_hal.o
                0x08002514                HAL_Delay
 .text.__NVIC_SetPriorityGrouping
                0x0800255c       0x48 ./Drivers/STM32L4xx_HAL_Driver/Src/stm32l4xx_hal_cortex.o
 .text.__NVIC_GetPriorityGrouping
                0x080025a4       0x1c ./Drivers/STM32L4xx_HAL_Driver/Src/stm32l4xx_hal_cortex.o
 .text.__NVIC_EnableIRQ
                0x080025c0       0x3c ./Drivers/STM32L4xx_HAL_Driver/Src/stm32l4xx_hal_cortex.o
 .text.__NVIC_SetPriority
                0x080025fc       0x54 ./Drivers/STM32L4xx_HAL_Driver/Src/stm32l4xx_hal_cortex.o
 .text.NVIC_EncodePriority
                0x08002650       0x66 ./Drivers/STM32L4xx_HAL_Driver/Src/stm32l4xx_hal_cortex.o
 .text.HAL_NVIC_SetPriorityGrouping
                0x080026b6       0x16 ./Drivers/STM32L4xx_HAL_Driver/Src/stm32l4xx_hal_cortex.o
                0x080026b6                HAL_NVIC_SetPriorityGrouping
 .text.HAL_NVIC_SetPriority
                0x080026cc       0x38 ./Drivers/STM32L4xx_HAL_Driver/Src/stm32l4xx_hal_cortex.o
                0x080026cc                HAL_NVIC_SetPriority
 .text.HAL_NVIC_EnableIRQ
                0x08002704       0x1c ./Drivers/STM32L4xx_HAL_Driver/Src/stm32l4xx_hal_cortex.o
                0x08002704                HAL_NVIC_EnableIRQ
 .text.HAL_DMA_Init
                0x08002720      0x170 ./Drivers/STM32L4xx_HAL_Driver/Src/stm32l4xx_hal_dma.o
                0x08002720                HAL_DMA_Init
 .text.HAL_DMA_Start_IT
                0x08002890       0xc0 ./Drivers/STM32L4xx_HAL_Driver/Src/stm32l4xx_hal_dma.o
                0x08002890                HAL_DMA_Start_IT
 .text.HAL_DMA_Abort
                0x08002950       0x7c ./Drivers/STM32L4xx_HAL_Driver/Src/stm32l4xx_hal_dma.o
                0x08002950                HAL_DMA_Abort
 .text.HAL_DMA_Abort_IT
                0x080029cc       0x82 ./Drivers/STM32L4xx_HAL_Driver/Src/stm32l4xx_hal_dma.o
                0x080029cc                HAL_DMA_Abort_IT
 .text.HAL_DMA_IRQHandler
                0x08002a4e      0x15e ./Drivers/STM32L4xx_HAL_Driver/Src/stm32l4xx_hal_dma.o
                0x08002a4e                HAL_DMA_IRQHandler
 .text.DMA_SetConfig
                0x08002bac       0x60 ./Drivers/STM32L4xx_HAL_Driver/Src/stm32l4xx_hal_dma.o
 .text.HAL_GPIO_Init
                0x08002c0c      0x354 ./Drivers/STM32L4xx_HAL_Driver/Src/stm32l4xx_hal_gpio.o
                0x08002c0c                HAL_GPIO_Init
 .text.HAL_GPIO_WritePin
                0x08002f60       0x30 ./Drivers/STM32L4xx_HAL_Driver/Src/stm32l4xx_hal_gpio.o
                0x08002f60                HAL_GPIO_WritePin
 .text.HAL_GPIO_TogglePin
                0x08002f90       0x34 ./Drivers/STM32L4xx_HAL_Driver/Src/stm32l4xx_hal_gpio.o
                0x08002f90                HAL_GPIO_TogglePin
 .text.HAL_I2C_Init
                0x08002fc4      0x136 ./Drivers/STM32L4xx_HAL_Driver/Src/stm32l4xx_hal_i2c.o
                0x08002fc4                HAL_I2C_Init
 *fill*         0x080030fa        0x2 
 .text.HAL_I2C_Mem_Write
                0x080030fc      0x228 ./Drivers/STM32L4xx_HAL_Driver/Src/stm32l4xx_hal_i2c.o
                0x080030fc                HAL_I2C_Mem_Write
 .text.HAL_I2C_Mem_Read
                0x08003324      0x234 ./Drivers/STM32L4xx_HAL_Driver/Src/stm32l4xx_hal_i2c.o
                0x08003324                HAL_I2C_Mem_Read
 .text.I2C_RequestMemoryWrite
                0x08003558       0xa8 ./Drivers/STM32L4xx_HAL_Driver/Src/stm32l4xx_hal_i2c.o
 .text.I2C_RequestMemoryRead
                0x08003600       0xa8 ./Drivers/STM32L4xx_HAL_Driver/Src/stm32l4xx_hal_i2c.o
 .text.I2C_Flush_TXDR
                0x080036a8       0x48 ./Drivers/STM32L4xx_HAL_Driver/Src/stm32l4xx_hal_i2c.o
 .text.I2C_WaitOnFlagUntilTimeout
                0x080036f0       0xb2 ./Drivers/STM32L4xx_HAL_Driver/Src/stm32l4xx_hal_i2c.o
 .text.I2C_WaitOnTXISFlagUntilTimeout
                0x080037a2       0x8e ./Drivers/STM32L4xx_HAL_Driver/Src/stm32l4xx_hal_i2c.o
 .text.I2C_WaitOnSTOPFlagUntilTimeout
                0x08003830       0x86 ./Drivers/STM32L4xx_HAL_Driver/Src/stm32l4xx_hal_i2c.o
 *fill*         0x080038b6        0x2 
 .text.I2C_IsErrorOccurred
                0x080038b8      0x1c0 ./Drivers/STM32L4xx_HAL_Driver/Src/stm32l4xx_hal_i2c.o
 .text.I2C_TransferConfig
                0x08003a78       0x64 ./Drivers/STM32L4xx_HAL_Driver/Src/stm32l4xx_hal_i2c.o
 .text.HAL_I2CEx_ConfigAnalogFilter
                0x08003adc       0x96 ./Drivers/STM32L4xx_HAL_Driver/Src/stm32l4xx_hal_i2c_ex.o
                0x08003adc                HAL_I2CEx_ConfigAnalogFilter
 .text.HAL_I2CEx_ConfigDigitalFilter
                0x08003b72       0x98 ./Drivers/STM32L4xx_HAL_Driver/Src/stm32l4xx_hal_i2c_ex.o
                0x08003b72                HAL_I2CEx_ConfigDigitalFilter
 .text.HAL_PCD_Init
                0x08003c0a      0x21e ./Drivers/STM32L4xx_HAL_Driver/Src/stm32l4xx_hal_pcd.o
                0x08003c0a                HAL_PCD_Init
 .text.HAL_PCDEx_ActivateLPM
                0x08003e28       0x48 ./Drivers/STM32L4xx_HAL_Driver/Src/stm32l4xx_hal_pcd_ex.o
                0x08003e28                HAL_PCDEx_ActivateLPM
 .text.HAL_PWREx_GetVoltageRange
                0x08003e70       0x1c ./Drivers/STM32L4xx_HAL_Driver/Src/stm32l4xx_hal_pwr_ex.o
                0x08003e70                HAL_PWREx_GetVoltageRange
 .text.HAL_PWREx_ControlVoltageScaling
                0x08003e8c       0xac ./Drivers/STM32L4xx_HAL_Driver/Src/stm32l4xx_hal_pwr_ex.o
                0x08003e8c                HAL_PWREx_ControlVoltageScaling
 .text.HAL_PWREx_EnableVddUSB
                0x08003f38       0x20 ./Drivers/STM32L4xx_HAL_Driver/Src/stm32l4xx_hal_pwr_ex.o
                0x08003f38                HAL_PWREx_EnableVddUSB
 .text.HAL_RCC_OscConfig
                0x08003f58      0x7b8 ./Drivers/STM32L4xx_HAL_Driver/Src/stm32l4xx_hal_rcc.o
                0x08003f58                HAL_RCC_OscConfig
 .text.HAL_RCC_ClockConfig
                0x08004710      0x200 ./Drivers/STM32L4xx_HAL_Driver/Src/stm32l4xx_hal_rcc.o
                0x08004710                HAL_RCC_ClockConfig
 .text.HAL_RCC_GetSysClockFreq
                0x08004910      0x118 ./Drivers/STM32L4xx_HAL_Driver/Src/stm32l4xx_hal_rcc.o
                0x08004910                HAL_RCC_GetSysClockFreq
 .text.HAL_RCC_GetHCLKFreq
                0x08004a28       0x18 ./Drivers/STM32L4xx_HAL_Driver/Src/stm32l4xx_hal_rcc.o
                0x08004a28                HAL_RCC_GetHCLKFreq
 .text.HAL_RCC_GetPCLK1Freq
                0x08004a40       0x2c ./Drivers/STM32L4xx_HAL_Driver/Src/stm32l4xx_hal_rcc.o
                0x08004a40                HAL_RCC_GetPCLK1Freq
 .text.HAL_RCC_GetPCLK2Freq
                0x08004a6c       0x2c ./Drivers/STM32L4xx_HAL_Driver/Src/stm32l4xx_hal_rcc.o
                0x08004a6c                HAL_RCC_GetPCLK2Freq
 .text.HAL_RCC_GetClockConfig
                0x08004a98       0x64 ./Drivers/STM32L4xx_HAL_Driver/Src/stm32l4xx_hal_rcc.o
                0x08004a98                HAL_RCC_GetClockConfig
 .text.RCC_SetFlashLatencyFromMSIRange
                0x08004afc       0xc0 ./Drivers/STM32L4xx_HAL_Driver/Src/stm32l4xx_hal_rcc.o
 .text.HAL_RCCEx_PeriphCLKConfig
                0x08004bbc      0x5d4 ./Drivers/STM32L4xx_HAL_Driver/Src/stm32l4xx_hal_rcc_ex.o
                0x08004bbc                HAL_RCCEx_PeriphCLKConfig
 .text.HAL_RCCEx_GetPeriphCLKFreq
                0x08005190      0xadc ./Drivers/STM32L4xx_HAL_Driver/Src/stm32l4xx_hal_rcc_ex.o
                0x08005190                HAL_RCCEx_GetPeriphCLKFreq
 .text.RCCEx_PLLSAI1_Config
                0x08005c6c      0x1e8 ./Drivers/STM32L4xx_HAL_Driver/Src/stm32l4xx_hal_rcc_ex.o
 .text.RCCEx_PLLSAI2_Config
                0x08005e54      0x1bc ./Drivers/STM32L4xx_HAL_Driver/Src/stm32l4xx_hal_rcc_ex.o
 .text.RCCEx_GetSAIxPeriphCLKFreq
                0x08006010      0x1e0 ./Drivers/STM32L4xx_HAL_Driver/Src/stm32l4xx_hal_rcc_ex.o
 .text.HAL_SAI_InitProtocol
                0x080061f0       0x62 ./Drivers/STM32L4xx_HAL_Driver/Src/stm32l4xx_hal_sai.o
                0x080061f0                HAL_SAI_InitProtocol
 *fill*         0x08006252        0x2 
 .text.HAL_SAI_Init
                0x08006254      0x2e4 ./Drivers/STM32L4xx_HAL_Driver/Src/stm32l4xx_hal_sai.o
                0x08006254                HAL_SAI_Init
 .text.HAL_SAI_Abort
                0x08006538       0xca ./Drivers/STM32L4xx_HAL_Driver/Src/stm32l4xx_hal_sai.o
                0x08006538                HAL_SAI_Abort
 *fill*         0x08006602        0x2 
 .text.HAL_SAI_Transmit_DMA
                0x08006604      0x160 ./Drivers/STM32L4xx_HAL_Driver/Src/stm32l4xx_hal_sai.o
                0x08006604                HAL_SAI_Transmit_DMA
 .text.HAL_SAI_IRQHandler
                0x08006764      0x348 ./Drivers/STM32L4xx_HAL_Driver/Src/stm32l4xx_hal_sai.o
                0x08006764                HAL_SAI_IRQHandler
 .text.HAL_SAI_ErrorCallback
                0x08006aac       0x14 ./Drivers/STM32L4xx_HAL_Driver/Src/stm32l4xx_hal_sai.o
                0x08006aac                HAL_SAI_ErrorCallback
 .text.SAI_InitI2S
                0x08006ac0      0x164 ./Drivers/STM32L4xx_HAL_Driver/Src/stm32l4xx_hal_sai.o
 .text.SAI_InitPCM
                0x08006c24      0x104 ./Drivers/STM32L4xx_HAL_Driver/Src/stm32l4xx_hal_sai.o
 .text.SAI_InterruptFlag
                0x08006d28       0x6e ./Drivers/STM32L4xx_HAL_Driver/Src/stm32l4xx_hal_sai.o
 *fill*         0x08006d96        0x2 
 .text.SAI_Disable
                0x08006d98       0x74 ./Drivers/STM32L4xx_HAL_Driver/Src/stm32l4xx_hal_sai.o
 .text.SAI_DMATxCplt
                0x08006e0c       0x5e ./Drivers/STM32L4xx_HAL_Driver/Src/stm32l4xx_hal_sai.o
 .text.SAI_DMATxHalfCplt
                0x08006e6a       0x1c ./Drivers/STM32L4xx_HAL_Driver/Src/stm32l4xx_hal_sai.o
 .text.SAI_DMAError
                0x08006e86       0x52 ./Drivers/STM32L4xx_HAL_Driver/Src/stm32l4xx_hal_sai.o
 .text.SAI_DMAAbort
                0x08006ed8       0x6e ./Drivers/STM32L4xx_HAL_Driver/Src/stm32l4xx_hal_sai.o
 .text.HAL_SPI_Init
                0x08006f46      0x146 ./Drivers/STM32L4xx_HAL_Driver/Src/stm32l4xx_hal_spi.o
                0x08006f46                HAL_SPI_Init
 .text.HAL_SPI_Transmit
                0x0800708c      0x2ec ./Drivers/STM32L4xx_HAL_Driver/Src/stm32l4xx_hal_spi.o
                0x0800708c                HAL_SPI_Transmit
 .text.HAL_SPI_TransmitReceive
                0x08007378      0x43e ./Drivers/STM32L4xx_HAL_Driver/Src/stm32l4xx_hal_spi.o
                0x08007378                HAL_SPI_TransmitReceive
 *fill*         0x080077b6        0x2 
 .text.SPI_WaitFlagStateUntilTimeout
                0x080077b8      0x110 ./Drivers/STM32L4xx_HAL_Driver/Src/stm32l4xx_hal_spi.o
 .text.SPI_WaitFifoStateUntilTimeout
                0x080078c8      0x12c ./Drivers/STM32L4xx_HAL_Driver/Src/stm32l4xx_hal_spi.o
 .text.SPI_EndRxTxTransaction
                0x080079f4       0x8c ./Drivers/STM32L4xx_HAL_Driver/Src/stm32l4xx_hal_spi.o
 .text.HAL_TIM_Base_Init
                0x08007a80       0xae ./Drivers/STM32L4xx_HAL_Driver/Src/stm32l4xx_hal_tim.o
                0x08007a80                HAL_TIM_Base_Init
 .text.HAL_TIM_Base_MspInit
                0x08007b2e       0x14 ./Drivers/STM32L4xx_HAL_Driver/Src/stm32l4xx_hal_tim.o
                0x08007b2e                HAL_TIM_Base_MspInit
 *fill*         0x08007b42        0x2 
 .text.HAL_TIM_Base_Start_IT
                0x08007b44       0xe0 ./Drivers/STM32L4xx_HAL_Driver/Src/stm32l4xx_hal_tim.o
                0x08007b44                HAL_TIM_Base_Start_IT
 .text.HAL_TIM_IRQHandler
                0x08007c24      0x20e ./Drivers/STM32L4xx_HAL_Driver/Src/stm32l4xx_hal_tim.o
                0x08007c24                HAL_TIM_IRQHandler
 .text.HAL_TIM_OC_DelayElapsedCallback
                0x08007e32       0x14 ./Drivers/STM32L4xx_HAL_Driver/Src/stm32l4xx_hal_tim.o
                0x08007e32                HAL_TIM_OC_DelayElapsedCallback
 .text.HAL_TIM_IC_CaptureCallback
                0x08007e46       0x14 ./Drivers/STM32L4xx_HAL_Driver/Src/stm32l4xx_hal_tim.o
                0x08007e46                HAL_TIM_IC_CaptureCallback
 .text.HAL_TIM_PWM_PulseFinishedCallback
                0x08007e5a       0x14 ./Drivers/STM32L4xx_HAL_Driver/Src/stm32l4xx_hal_tim.o
                0x08007e5a                HAL_TIM_PWM_PulseFinishedCallback
 .text.HAL_TIM_TriggerCallback
                0x08007e6e       0x14 ./Drivers/STM32L4xx_HAL_Driver/Src/stm32l4xx_hal_tim.o
                0x08007e6e                HAL_TIM_TriggerCallback
 *fill*         0x08007e82        0x2 
 .text.TIM_Base_SetConfig
                0x08007e84      0x14c ./Drivers/STM32L4xx_HAL_Driver/Src/stm32l4xx_hal_tim.o
                0x08007e84                TIM_Base_SetConfig
 .text.HAL_TIMEx_CommutCallback
                0x08007fd0       0x14 ./Drivers/STM32L4xx_HAL_Driver/Src/stm32l4xx_hal_tim_ex.o
                0x08007fd0                HAL_TIMEx_CommutCallback
 .text.HAL_TIMEx_BreakCallback
                0x08007fe4       0x14 ./Drivers/STM32L4xx_HAL_Driver/Src/stm32l4xx_hal_tim_ex.o
                0x08007fe4                HAL_TIMEx_BreakCallback
 .text.HAL_TIMEx_Break2Callback
                0x08007ff8       0x14 ./Drivers/STM32L4xx_HAL_Driver/Src/stm32l4xx_hal_tim_ex.o
                0x08007ff8                HAL_TIMEx_Break2Callback
 .text.HAL_UART_Init
                0x0800800c       0x9c ./Drivers/STM32L4xx_HAL_Driver/Src/stm32l4xx_hal_uart.o
                0x0800800c                HAL_UART_Init
 .text.HAL_UART_Transmit
                0x080080a8      0x112 ./Drivers/STM32L4xx_HAL_Driver/Src/stm32l4xx_hal_uart.o
                0x080080a8                HAL_UART_Transmit
 .text.HAL_UART_Receive
                0x080081ba      0x192 ./Drivers/STM32L4xx_HAL_Driver/Src/stm32l4xx_hal_uart.o
                0x080081ba                HAL_UART_Receive
 .text.UART_SetConfig
                0x0800834c      0x570 ./Drivers/STM32L4xx_HAL_Driver/Src/stm32l4xx_hal_uart.o
                0x0800834c                UART_SetConfig
 .text.UART_AdvFeatureConfig
                0x080088bc      0x144 ./Drivers/STM32L4xx_HAL_Driver/Src/stm32l4xx_hal_uart.o
                0x080088bc                UART_AdvFeatureConfig
 .text.UART_CheckIdleState
                0x08008a00      0x150 ./Drivers/STM32L4xx_HAL_Driver/Src/stm32l4xx_hal_uart.o
                0x08008a00                UART_CheckIdleState
 .text.UART_WaitOnFlagUntilTimeout
                0x08008b50       0xda ./Drivers/STM32L4xx_HAL_Driver/Src/stm32l4xx_hal_uart.o
                0x08008b50                UART_WaitOnFlagUntilTimeout
 .text.UART_EndRxTransfer
                0x08008c2a       0xc8 ./Drivers/STM32L4xx_HAL_Driver/Src/stm32l4xx_hal_uart.o
 .text.USB_CoreInit
                0x08008cf2       0x5a ./Drivers/STM32L4xx_HAL_Driver/Src/stm32l4xx_ll_usb.o
                0x08008cf2                USB_CoreInit
 .text.USB_DisableGlobalInt
                0x08008d4c       0x22 ./Drivers/STM32L4xx_HAL_Driver/Src/stm32l4xx_ll_usb.o
                0x08008d4c                USB_DisableGlobalInt
 .text.USB_SetCurrentMode
                0x08008d6e       0x98 ./Drivers/STM32L4xx_HAL_Driver/Src/stm32l4xx_ll_usb.o
                0x08008d6e                USB_SetCurrentMode
 *fill*         0x08008e06        0x2 
 .text.USB_DevInit
                0x08008e08      0x290 ./Drivers/STM32L4xx_HAL_Driver/Src/stm32l4xx_ll_usb.o
                0x08008e08                USB_DevInit
 .text.USB_FlushTxFifo
                0x08009098       0x64 ./Drivers/STM32L4xx_HAL_Driver/Src/stm32l4xx_ll_usb.o
                0x08009098                USB_FlushTxFifo
 .text.USB_FlushRxFifo
                0x080090fc       0x5c ./Drivers/STM32L4xx_HAL_Driver/Src/stm32l4xx_ll_usb.o
                0x080090fc                USB_FlushRxFifo
 .text.USB_SetDevSpeed
                0x08009158       0x32 ./Drivers/STM32L4xx_HAL_Driver/Src/stm32l4xx_ll_usb.o
                0x08009158                USB_SetDevSpeed
 .text.USB_DevDisconnect
                0x0800918a       0x42 ./Drivers/STM32L4xx_HAL_Driver/Src/stm32l4xx_ll_usb.o
                0x0800918a                USB_DevDisconnect
 .text.USB_GetMode
                0x080091cc       0x1c ./Drivers/STM32L4xx_HAL_Driver/Src/stm32l4xx_ll_usb.o
                0x080091cc                USB_GetMode
 .text.USB_CoreReset
                0x080091e8       0x62 ./Drivers/STM32L4xx_HAL_Driver/Src/stm32l4xx_ll_usb.o
 .text.spi_send_bytes
                0x0800924a       0x62 ./MCP23S17_/mcp23s17.o
                0x0800924a                spi_send_bytes
 .text.spi_recv_bytes
                0x080092ac       0x62 ./MCP23S17_/mcp23s17.o
                0x080092ac                spi_recv_bytes
 *fill*         0x0800930e        0x2 
 .text.mcp23s17_init
                0x08009310       0x88 ./MCP23S17_/mcp23s17.o
                0x08009310                mcp23s17_init
 .text.mcp23s17_write_reg
                0x08009398       0x36 ./MCP23S17_/mcp23s17.o
                0x08009398                mcp23s17_write_reg
 .text.mcp23s17_read_reg
                0x080093ce       0x32 ./MCP23S17_/mcp23s17.o
                0x080093ce                mcp23s17_read_reg
 .text.mcp23s17_SetAllON
                0x08009400       0x24 ./MCP23S17_/mcp23s17.o
                0x08009400                mcp23s17_SetAllON
 .text.mcp23s17_SetLed
                0x08009424       0x92 ./MCP23S17_/mcp23s17.o
                0x08009424                mcp23s17_SetLed
 .text.makeFreeRtosPriority
                0x080094b6       0x30 ./Middlewares/Third_Party/FreeRTOS/Source/CMSIS_RTOS/cmsis_os.o
 .text.osKernelStart
                0x080094e6        0xe ./Middlewares/Third_Party/FreeRTOS/Source/CMSIS_RTOS/cmsis_os.o
                0x080094e6                osKernelStart
 .text.osThreadCreate
                0x080094f4       0x98 ./Middlewares/Third_Party/FreeRTOS/Source/CMSIS_RTOS/cmsis_os.o
                0x080094f4                osThreadCreate
 .text.osDelay  0x0800958c       0x28 ./Middlewares/Third_Party/FreeRTOS/Source/CMSIS_RTOS/cmsis_os.o
                0x0800958c                osDelay
 .text.vListInitialise
                0x080095b4       0x40 ./Middlewares/Third_Party/FreeRTOS/Source/list.o
                0x080095b4                vListInitialise
 .text.vListInitialiseItem
                0x080095f4       0x1a ./Middlewares/Third_Party/FreeRTOS/Source/list.o
                0x080095f4                vListInitialiseItem
 .text.vListInsertEnd
                0x0800960e       0x48 ./Middlewares/Third_Party/FreeRTOS/Source/list.o
                0x0800960e                vListInsertEnd
 .text.vListInsert
                0x08009656       0x72 ./Middlewares/Third_Party/FreeRTOS/Source/list.o
                0x08009656                vListInsert
 .text.uxListRemove
                0x080096c8       0x54 ./Middlewares/Third_Party/FreeRTOS/Source/list.o
                0x080096c8                uxListRemove
 .text.xQueueGenericReset
                0x0800971c       0xd4 ./Middlewares/Third_Party/FreeRTOS/Source/queue.o
                0x0800971c                xQueueGenericReset
 .text.xQueueGenericCreate
                0x080097f0       0x76 ./Middlewares/Third_Party/FreeRTOS/Source/queue.o
                0x080097f0                xQueueGenericCreate
 .text.prvInitialiseNewQueue
                0x08009866       0x3e ./Middlewares/Third_Party/FreeRTOS/Source/queue.o
 .text.xQueueGiveFromISR
                0x080098a4      0x120 ./Middlewares/Third_Party/FreeRTOS/Source/queue.o
                0x080098a4                xQueueGiveFromISR
 .text.xQueueSemaphoreTake
                0x080099c4      0x220 ./Middlewares/Third_Party/FreeRTOS/Source/queue.o
                0x080099c4                xQueueSemaphoreTake
 .text.prvGetDisinheritPriorityAfterTimeout
                0x08009be4       0x30 ./Middlewares/Third_Party/FreeRTOS/Source/queue.o
 .text.prvUnlockQueue
                0x08009c14       0xa4 ./Middlewares/Third_Party/FreeRTOS/Source/queue.o
 .text.prvIsQueueEmpty
                0x08009cb8       0x2c ./Middlewares/Third_Party/FreeRTOS/Source/queue.o
 .text.xTaskCreateStatic
                0x08009ce4       0xc0 ./Middlewares/Third_Party/FreeRTOS/Source/tasks.o
                0x08009ce4                xTaskCreateStatic
 .text.xTaskCreate
                0x08009da4       0x8a ./Middlewares/Third_Party/FreeRTOS/Source/tasks.o
                0x08009da4                xTaskCreate
 *fill*         0x08009e2e        0x2 
 .text.prvInitialiseNewTask
                0x08009e30      0x140 ./Middlewares/Third_Party/FreeRTOS/Source/tasks.o
 .text.prvAddNewTaskToReadyList
                0x08009f70       0xd4 ./Middlewares/Third_Party/FreeRTOS/Source/tasks.o
 .text.vTaskDelay
                0x0800a044       0x6c ./Middlewares/Third_Party/FreeRTOS/Source/tasks.o
                0x0800a044                vTaskDelay
 .text.vTaskStartScheduler
                0x0800a0b0       0xd4 ./Middlewares/Third_Party/FreeRTOS/Source/tasks.o
                0x0800a0b0                vTaskStartScheduler
 .text.vTaskSuspendAll
                0x0800a184       0x1c ./Middlewares/Third_Party/FreeRTOS/Source/tasks.o
                0x0800a184                vTaskSuspendAll
 .text.xTaskResumeAll
                0x0800a1a0      0x13c ./Middlewares/Third_Party/FreeRTOS/Source/tasks.o
                0x0800a1a0                xTaskResumeAll
 .text.xTaskIncrementTick
                0x0800a2dc      0x174 ./Middlewares/Third_Party/FreeRTOS/Source/tasks.o
                0x0800a2dc                xTaskIncrementTick
 .text.vTaskSwitchContext
                0x0800a450       0xc8 ./Middlewares/Third_Party/FreeRTOS/Source/tasks.o
                0x0800a450                vTaskSwitchContext
 .text.vTaskPlaceOnEventList
                0x0800a518       0x4c ./Middlewares/Third_Party/FreeRTOS/Source/tasks.o
                0x0800a518                vTaskPlaceOnEventList
 .text.xTaskRemoveFromEventList
                0x0800a564       0xc8 ./Middlewares/Third_Party/FreeRTOS/Source/tasks.o
                0x0800a564                xTaskRemoveFromEventList
 .text.vTaskInternalSetTimeOutState
                0x0800a62c       0x2c ./Middlewares/Third_Party/FreeRTOS/Source/tasks.o
                0x0800a62c                vTaskInternalSetTimeOutState
 .text.xTaskCheckForTimeOut
                0x0800a658       0xc8 ./Middlewares/Third_Party/FreeRTOS/Source/tasks.o
                0x0800a658                xTaskCheckForTimeOut
 .text.vTaskMissedYield
                0x0800a720       0x18 ./Middlewares/Third_Party/FreeRTOS/Source/tasks.o
                0x0800a720                vTaskMissedYield
 .text.prvIdleTask
                0x0800a738       0x30 ./Middlewares/Third_Party/FreeRTOS/Source/tasks.o
 .text.prvInitialiseTaskLists
                0x0800a768       0x80 ./Middlewares/Third_Party/FreeRTOS/Source/tasks.o
 .text.prvCheckTasksWaitingTermination
                0x0800a7e8       0x5c ./Middlewares/Third_Party/FreeRTOS/Source/tasks.o
 .text.prvDeleteTCB
                0x0800a844       0x6a ./Middlewares/Third_Party/FreeRTOS/Source/tasks.o
 *fill*         0x0800a8ae        0x2 
 .text.prvResetNextTaskUnblockTime
                0x0800a8b0       0x40 ./Middlewares/Third_Party/FreeRTOS/Source/tasks.o
 .text.xTaskGetSchedulerState
                0x0800a8f0       0x3c ./Middlewares/Third_Party/FreeRTOS/Source/tasks.o
                0x0800a8f0                xTaskGetSchedulerState
 .text.xTaskPriorityInherit
                0x0800a92c       0xec ./Middlewares/Third_Party/FreeRTOS/Source/tasks.o
                0x0800a92c                xTaskPriorityInherit
 .text.vTaskPriorityDisinheritAfterTimeout
                0x0800aa18      0x120 ./Middlewares/Third_Party/FreeRTOS/Source/tasks.o
                0x0800aa18                vTaskPriorityDisinheritAfterTimeout
 .text.pvTaskIncrementMutexHeldCount
                0x0800ab38       0x28 ./Middlewares/Third_Party/FreeRTOS/Source/tasks.o
                0x0800ab38                pvTaskIncrementMutexHeldCount
 .text.prvAddCurrentTaskToDelayedList
                0x0800ab60       0xcc ./Middlewares/Third_Party/FreeRTOS/Source/tasks.o
 .text.pxPortInitialiseStack
                0x0800ac2c       0x68 ./Middlewares/Third_Party/FreeRTOS/Source/portable/GCC/ARM_CM4F/port.o
                0x0800ac2c                pxPortInitialiseStack
 .text.prvTaskExitError
                0x0800ac94       0x5c ./Middlewares/Third_Party/FreeRTOS/Source/portable/GCC/ARM_CM4F/port.o
 .text.SVC_Handler
                0x0800acf0       0x28 ./Middlewares/Third_Party/FreeRTOS/Source/portable/GCC/ARM_CM4F/port.o
                0x0800acf0                SVC_Handler
 .text.prvPortStartFirstTask
                0x0800ad18       0x28 ./Middlewares/Third_Party/FreeRTOS/Source/portable/GCC/ARM_CM4F/port.o
 .text.xPortStartScheduler
                0x0800ad40      0x148 ./Middlewares/Third_Party/FreeRTOS/Source/portable/GCC/ARM_CM4F/port.o
                0x0800ad40                xPortStartScheduler
 .text.vPortEnterCritical
                0x0800ae88       0x64 ./Middlewares/Third_Party/FreeRTOS/Source/portable/GCC/ARM_CM4F/port.o
                0x0800ae88                vPortEnterCritical
 .text.vPortExitCritical
                0x0800aeec       0x54 ./Middlewares/Third_Party/FreeRTOS/Source/portable/GCC/ARM_CM4F/port.o
                0x0800aeec                vPortExitCritical
 .text.PendSV_Handler
                0x0800af40       0x68 ./Middlewares/Third_Party/FreeRTOS/Source/portable/GCC/ARM_CM4F/port.o
                0x0800af40                PendSV_Handler
 .text.SysTick_Handler
                0x0800afa8       0x44 ./Middlewares/Third_Party/FreeRTOS/Source/portable/GCC/ARM_CM4F/port.o
                0x0800afa8                SysTick_Handler
 .text.vPortSetupTimerInterrupt
                0x0800afec       0x48 ./Middlewares/Third_Party/FreeRTOS/Source/portable/GCC/ARM_CM4F/port.o
                0x0800afec                vPortSetupTimerInterrupt
 .text.vPortEnableVFP
                0x0800b034       0x14 ./Middlewares/Third_Party/FreeRTOS/Source/portable/GCC/ARM_CM4F/port.o
 .text.vPortValidateInterruptPriority
                0x0800b048       0x84 ./Middlewares/Third_Party/FreeRTOS/Source/portable/GCC/ARM_CM4F/port.o
                0x0800b048                vPortValidateInterruptPriority
 .text.pvPortMalloc
                0x0800b0cc      0x19c ./Middlewares/Third_Party/FreeRTOS/Source/portable/MemMang/heap_4.o
                0x0800b0cc                pvPortMalloc
 .text.vPortFree
                0x0800b268       0xc8 ./Middlewares/Third_Party/FreeRTOS/Source/portable/MemMang/heap_4.o
                0x0800b268                vPortFree
 .text.prvHeapInit
                0x0800b330       0xc4 ./Middlewares/Third_Party/FreeRTOS/Source/portable/MemMang/heap_4.o
 .text.prvInsertBlockIntoFreeList
                0x0800b3f4       0xb4 ./Middlewares/Third_Party/FreeRTOS/Source/portable/MemMang/heap_4.o
 .text.sgtl5000_i2c_read_register
                0x0800b4a8       0x52 ./sgtl5000/sgtl5000.o
                0x0800b4a8                sgtl5000_i2c_read_register
 .text.sgtl5000_i2c_write_register
                0x0800b4fa       0x4e ./sgtl5000/sgtl5000.o
                0x0800b4fa                sgtl5000_i2c_write_register
 .text.sgtl5000_i2c_set_bit
                0x0800b548       0x50 ./sgtl5000/sgtl5000.o
                0x0800b548                sgtl5000_i2c_set_bit
 .text.sgtl5000_i2c_clear_bit
                0x0800b598       0x5a ./sgtl5000/sgtl5000.o
                0x0800b598                sgtl5000_i2c_clear_bit
 *fill*         0x0800b5f2        0x2 
 .text.sgtl5000_init
                0x0800b5f4      0x13c ./sgtl5000/sgtl5000.o
                0x0800b5f4                sgtl5000_init
 .text.uart_read
                0x0800b730       0x20 ./shell/shell.o
 .text.uart_write
                0x0800b750       0x24 ./shell/shell.o
 .text.sh_help  0x0800b774       0x7c ./shell/shell.o
 .text.shell_init
                0x0800b7f0       0x68 ./shell/shell.o
                0x0800b7f0                shell_init
 .text.shell_add
                0x0800b858       0x78 ./shell/shell.o
                0x0800b858                shell_add
 .text.shell_exec
                0x0800b8d0       0xdc ./shell/shell.o
 .text.shell_run
                0x0800b9ac      0x104 ./shell/shell.o
                0x0800b9ac                shell_run
 .text.task_shell
                0x0800bab0       0x70 ./shell/shell.o
                0x0800bab0                task_shell
 .text.fonction
                0x0800bb20       0x58 ./shell/user_function.o
                0x0800bb20                fonction
 .text.addition
                0x0800bb78       0x60 ./shell/user_function.o
                0x0800bb78                addition
 .text.chenillard
                0x0800bbd8       0x64 ./shell/user_function.o
                0x0800bbd8                chenillard
 .text.shellModifierFreqCoupure
                0x0800bc3c       0x54 ./shell/user_function.o
                0x0800bc3c                shellModifierFreqCoupure
 .text.atoi     0x0800bc90        0x8 /opt/stm32cubeide/plugins/com.st.stm32cube.ide.mcu.externaltools.gnu-tools-for-stm32.13.3.rel1.linux64_1.0.0.202410170706/tools/bin/../lib/gcc/arm-none-eabi/13.3.1/../../../../arm-none-eabi/lib/thumb/v7e-m+fp/hard/libc_nano.a(libc_a-atoi.o)
                0x0800bc90                atoi
 .text._strtol_l.isra.0
                0x0800bc98       0xf4 /opt/stm32cubeide/plugins/com.st.stm32cube.ide.mcu.externaltools.gnu-tools-for-stm32.13.3.rel1.linux64_1.0.0.202410170706/tools/bin/../lib/gcc/arm-none-eabi/13.3.1/../../../../arm-none-eabi/lib/thumb/v7e-m+fp/hard/libc_nano.a(libc_a-strtol.o)
 .text.strtol   0x0800bd8c       0x14 /opt/stm32cubeide/plugins/com.st.stm32cube.ide.mcu.externaltools.gnu-tools-for-stm32.13.3.rel1.linux64_1.0.0.202410170706/tools/bin/../lib/gcc/arm-none-eabi/13.3.1/../../../../arm-none-eabi/lib/thumb/v7e-m+fp/hard/libc_nano.a(libc_a-strtol.o)
                0x0800bd8c                strtol
 .text.std      0x0800bda0       0x6c /opt/stm32cubeide/plugins/com.st.stm32cube.ide.mcu.externaltools.gnu-tools-for-stm32.13.3.rel1.linux64_1.0.0.202410170706/tools/bin/../lib/gcc/arm-none-eabi/13.3.1/../../../../arm-none-eabi/lib/thumb/v7e-m+fp/hard/libc_nano.a(libc_a-findfp.o)
 .text.stdio_exit_handler
                0x0800be0c       0x18 /opt/stm32cubeide/plugins/com.st.stm32cube.ide.mcu.externaltools.gnu-tools-for-stm32.13.3.rel1.linux64_1.0.0.202410170706/tools/bin/../lib/gcc/arm-none-eabi/13.3.1/../../../../arm-none-eabi/lib/thumb/v7e-m+fp/hard/libc_nano.a(libc_a-findfp.o)
 .text.cleanup_stdio
                0x0800be24       0x40 /opt/stm32cubeide/plugins/com.st.stm32cube.ide.mcu.externaltools.gnu-tools-for-stm32.13.3.rel1.linux64_1.0.0.202410170706/tools/bin/../lib/gcc/arm-none-eabi/13.3.1/../../../../arm-none-eabi/lib/thumb/v7e-m+fp/hard/libc_nano.a(libc_a-findfp.o)
 .text.global_stdio_init.part.0
                0x0800be64       0x3c /opt/stm32cubeide/plugins/com.st.stm32cube.ide.mcu.externaltools.gnu-tools-for-stm32.13.3.rel1.linux64_1.0.0.202410170706/tools/bin/../lib/gcc/arm-none-eabi/13.3.1/../../../../arm-none-eabi/lib/thumb/v7e-m+fp/hard/libc_nano.a(libc_a-findfp.o)
 .text.__sfp_lock_acquire
                0x0800bea0        0xc /opt/stm32cubeide/plugins/com.st.stm32cube.ide.mcu.externaltools.gnu-tools-for-stm32.13.3.rel1.linux64_1.0.0.202410170706/tools/bin/../lib/gcc/arm-none-eabi/13.3.1/../../../../arm-none-eabi/lib/thumb/v7e-m+fp/hard/libc_nano.a(libc_a-findfp.o)
                0x0800bea0                __sfp_lock_acquire
 .text.__sfp_lock_release
                0x0800beac        0xc /opt/stm32cubeide/plugins/com.st.stm32cube.ide.mcu.externaltools.gnu-tools-for-stm32.13.3.rel1.linux64_1.0.0.202410170706/tools/bin/../lib/gcc/arm-none-eabi/13.3.1/../../../../arm-none-eabi/lib/thumb/v7e-m+fp/hard/libc_nano.a(libc_a-findfp.o)
                0x0800beac                __sfp_lock_release
 .text.__sinit  0x0800beb8       0x30 /opt/stm32cubeide/plugins/com.st.stm32cube.ide.mcu.externaltools.gnu-tools-for-stm32.13.3.rel1.linux64_1.0.0.202410170706/tools/bin/../lib/gcc/arm-none-eabi/13.3.1/../../../../arm-none-eabi/lib/thumb/v7e-m+fp/hard/libc_nano.a(libc_a-findfp.o)
                0x0800beb8                __sinit
 .text._fwalk_sglue
                0x0800bee8       0x3c /opt/stm32cubeide/plugins/com.st.stm32cube.ide.mcu.externaltools.gnu-tools-for-stm32.13.3.rel1.linux64_1.0.0.202410170706/tools/bin/../lib/gcc/arm-none-eabi/13.3.1/../../../../arm-none-eabi/lib/thumb/v7e-m+fp/hard/libc_nano.a(libc_a-fwalk.o)
                0x0800bee8                _fwalk_sglue
 .text.printf   0x0800bf24       0x24 /opt/stm32cubeide/plugins/com.st.stm32cube.ide.mcu.externaltools.gnu-tools-for-stm32.13.3.rel1.linux64_1.0.0.202410170706/tools/bin/../lib/gcc/arm-none-eabi/13.3.1/../../../../arm-none-eabi/lib/thumb/v7e-m+fp/hard/libc_nano.a(libc_a-printf.o)
                0x0800bf24                printf
                0x0800bf24                iprintf
 .text._puts_r  0x0800bf48       0xaa /opt/stm32cubeide/plugins/com.st.stm32cube.ide.mcu.externaltools.gnu-tools-for-stm32.13.3.rel1.linux64_1.0.0.202410170706/tools/bin/../lib/gcc/arm-none-eabi/13.3.1/../../../../arm-none-eabi/lib/thumb/v7e-m+fp/hard/libc_nano.a(libc_a-puts.o)
                0x0800bf48                _puts_r
 *fill*         0x0800bff2        0x2 
 .text.puts     0x0800bff4       0x10 /opt/stm32cubeide/plugins/com.st.stm32cube.ide.mcu.externaltools.gnu-tools-for-stm32.13.3.rel1.linux64_1.0.0.202410170706/tools/bin/../lib/gcc/arm-none-eabi/13.3.1/../../../../arm-none-eabi/lib/thumb/v7e-m+fp/hard/libc_nano.a(libc_a-puts.o)
                0x0800bff4                puts
 .text.snprintf
                0x0800c004       0x6c /opt/stm32cubeide/plugins/com.st.stm32cube.ide.mcu.externaltools.gnu-tools-for-stm32.13.3.rel1.linux64_1.0.0.202410170706/tools/bin/../lib/gcc/arm-none-eabi/13.3.1/../../../../arm-none-eabi/lib/thumb/v7e-m+fp/hard/libc_nano.a(libc_a-snprintf.o)
                0x0800c004                snprintf
                0x0800c004                sniprintf
 .text.__sread  0x0800c070       0x22 /opt/stm32cubeide/plugins/com.st.stm32cube.ide.mcu.externaltools.gnu-tools-for-stm32.13.3.rel1.linux64_1.0.0.202410170706/tools/bin/../lib/gcc/arm-none-eabi/13.3.1/../../../../arm-none-eabi/lib/thumb/v7e-m+fp/hard/libc_nano.a(libc_a-stdio.o)
                0x0800c070                __sread
 .text.__swrite
                0x0800c092       0x38 /opt/stm32cubeide/plugins/com.st.stm32cube.ide.mcu.externaltools.gnu-tools-for-stm32.13.3.rel1.linux64_1.0.0.202410170706/tools/bin/../lib/gcc/arm-none-eabi/13.3.1/../../../../arm-none-eabi/lib/thumb/v7e-m+fp/hard/libc_nano.a(libc_a-stdio.o)
                0x0800c092                __swrite
 .text.__sseek  0x0800c0ca       0x24 /opt/stm32cubeide/plugins/com.st.stm32cube.ide.mcu.externaltools.gnu-tools-for-stm32.13.3.rel1.linux64_1.0.0.202410170706/tools/bin/../lib/gcc/arm-none-eabi/13.3.1/../../../../arm-none-eabi/lib/thumb/v7e-m+fp/hard/libc_nano.a(libc_a-stdio.o)
                0x0800c0ca                __sseek
 .text.__sclose
                0x0800c0ee        0x8 /opt/stm32cubeide/plugins/com.st.stm32cube.ide.mcu.externaltools.gnu-tools-for-stm32.13.3.rel1.linux64_1.0.0.202410170706/tools/bin/../lib/gcc/arm-none-eabi/13.3.1/../../../../arm-none-eabi/lib/thumb/v7e-m+fp/hard/libc_nano.a(libc_a-stdio.o)
                0x0800c0ee                __sclose
 .text.__swbuf_r
                0x0800c0f6       0x7c /opt/stm32cubeide/plugins/com.st.stm32cube.ide.mcu.externaltools.gnu-tools-for-stm32.13.3.rel1.linux64_1.0.0.202410170706/tools/bin/../lib/gcc/arm-none-eabi/13.3.1/../../../../arm-none-eabi/lib/thumb/v7e-m+fp/hard/libc_nano.a(libc_a-wbuf.o)
                0x0800c0f6                __swbuf_r
 *fill*         0x0800c172        0x2 
 .text.__swsetup_r
                0x0800c174       0xac /opt/stm32cubeide/plugins/com.st.stm32cube.ide.mcu.externaltools.gnu-tools-for-stm32.13.3.rel1.linux64_1.0.0.202410170706/tools/bin/../lib/gcc/arm-none-eabi/13.3.1/../../../../arm-none-eabi/lib/thumb/v7e-m+fp/hard/libc_nano.a(libc_a-wsetup.o)
                0x0800c174                __swsetup_r
 .text.memset   0x0800c220       0x10 /opt/stm32cubeide/plugins/com.st.stm32cube.ide.mcu.externaltools.gnu-tools-for-stm32.13.3.rel1.linux64_1.0.0.202410170706/tools/bin/../lib/gcc/arm-none-eabi/13.3.1/../../../../arm-none-eabi/lib/thumb/v7e-m+fp/hard/libc_nano.a(libc_a-memset.o)
                0x0800c220                memset
 .text._close_r
                0x0800c230       0x20 /opt/stm32cubeide/plugins/com.st.stm32cube.ide.mcu.externaltools.gnu-tools-for-stm32.13.3.rel1.linux64_1.0.0.202410170706/tools/bin/../lib/gcc/arm-none-eabi/13.3.1/../../../../arm-none-eabi/lib/thumb/v7e-m+fp/hard/libc_nano.a(libc_a-closer.o)
                0x0800c230                _close_r
 .text._reclaim_reent
                0x0800c250       0xbc /opt/stm32cubeide/plugins/com.st.stm32cube.ide.mcu.externaltools.gnu-tools-for-stm32.13.3.rel1.linux64_1.0.0.202410170706/tools/bin/../lib/gcc/arm-none-eabi/13.3.1/../../../../arm-none-eabi/lib/thumb/v7e-m+fp/hard/libc_nano.a(libc_a-reent.o)
                0x0800c250                _reclaim_reent
 .text._lseek_r
                0x0800c30c       0x24 /opt/stm32cubeide/plugins/com.st.stm32cube.ide.mcu.externaltools.gnu-tools-for-stm32.13.3.rel1.linux64_1.0.0.202410170706/tools/bin/../lib/gcc/arm-none-eabi/13.3.1/../../../../arm-none-eabi/lib/thumb/v7e-m+fp/hard/libc_nano.a(libc_a-lseekr.o)
                0x0800c30c                _lseek_r
 .text._read_r  0x0800c330       0x24 /opt/stm32cubeide/plugins/com.st.stm32cube.ide.mcu.externaltools.gnu-tools-for-stm32.13.3.rel1.linux64_1.0.0.202410170706/tools/bin/../lib/gcc/arm-none-eabi/13.3.1/../../../../arm-none-eabi/lib/thumb/v7e-m+fp/hard/libc_nano.a(libc_a-readr.o)
                0x0800c330                _read_r
 .text._write_r
                0x0800c354       0x24 /opt/stm32cubeide/plugins/com.st.stm32cube.ide.mcu.externaltools.gnu-tools-for-stm32.13.3.rel1.linux64_1.0.0.202410170706/tools/bin/../lib/gcc/arm-none-eabi/13.3.1/../../../../arm-none-eabi/lib/thumb/v7e-m+fp/hard/libc_nano.a(libc_a-writer.o)
                0x0800c354                _write_r
 .text.__errno  0x0800c378        0xc /opt/stm32cubeide/plugins/com.st.stm32cube.ide.mcu.externaltools.gnu-tools-for-stm32.13.3.rel1.linux64_1.0.0.202410170706/tools/bin/../lib/gcc/arm-none-eabi/13.3.1/../../../../arm-none-eabi/lib/thumb/v7e-m+fp/hard/libc_nano.a(libc_a-errno.o)
                0x0800c378                __errno
 .text.__libc_init_array
                0x0800c384       0x48 /opt/stm32cubeide/plugins/com.st.stm32cube.ide.mcu.externaltools.gnu-tools-for-stm32.13.3.rel1.linux64_1.0.0.202410170706/tools/bin/../lib/gcc/arm-none-eabi/13.3.1/../../../../arm-none-eabi/lib/thumb/v7e-m+fp/hard/libc_nano.a(libc_a-init.o)
                0x0800c384                __libc_init_array
 .text.__retarget_lock_init_recursive
                0x0800c3cc        0x2 /opt/stm32cubeide/plugins/com.st.stm32cube.ide.mcu.externaltools.gnu-tools-for-stm32.13.3.rel1.linux64_1.0.0.202410170706/tools/bin/../lib/gcc/arm-none-eabi/13.3.1/../../../../arm-none-eabi/lib/thumb/v7e-m+fp/hard/libc_nano.a(libc_a-lock.o)
                0x0800c3cc                __retarget_lock_init_recursive
 .text.__retarget_lock_acquire_recursive
                0x0800c3ce        0x2 /opt/stm32cubeide/plugins/com.st.stm32cube.ide.mcu.externaltools.gnu-tools-for-stm32.13.3.rel1.linux64_1.0.0.202410170706/tools/bin/../lib/gcc/arm-none-eabi/13.3.1/../../../../arm-none-eabi/lib/thumb/v7e-m+fp/hard/libc_nano.a(libc_a-lock.o)
                0x0800c3ce                __retarget_lock_acquire_recursive
 .text.__retarget_lock_release_recursive
                0x0800c3d0        0x2 /opt/stm32cubeide/plugins/com.st.stm32cube.ide.mcu.externaltools.gnu-tools-for-stm32.13.3.rel1.linux64_1.0.0.202410170706/tools/bin/../lib/gcc/arm-none-eabi/13.3.1/../../../../arm-none-eabi/lib/thumb/v7e-m+fp/hard/libc_nano.a(libc_a-lock.o)
                0x0800c3d0                __retarget_lock_release_recursive
 .text.memcpy   0x0800c3d2       0x1c /opt/stm32cubeide/plugins/com.st.stm32cube.ide.mcu.externaltools.gnu-tools-for-stm32.13.3.rel1.linux64_1.0.0.202410170706/tools/bin/../lib/gcc/arm-none-eabi/13.3.1/../../../../arm-none-eabi/lib/thumb/v7e-m+fp/hard/libc_nano.a(libc_a-memcpy-stub.o)
                0x0800c3d2                memcpy
 *fill*         0x0800c3ee        0x2 
 .text._free_r  0x0800c3f0       0x94 /opt/stm32cubeide/plugins/com.st.stm32cube.ide.mcu.externaltools.gnu-tools-for-stm32.13.3.rel1.linux64_1.0.0.202410170706/tools/bin/../lib/gcc/arm-none-eabi/13.3.1/../../../../arm-none-eabi/lib/thumb/v7e-m+fp/hard/libc_nano.a(libc_a-freer.o)
                0x0800c3f0                _free_r
 .text.sbrk_aligned
                0x0800c484       0x44 /opt/stm32cubeide/plugins/com.st.stm32cube.ide.mcu.externaltools.gnu-tools-for-stm32.13.3.rel1.linux64_1.0.0.202410170706/tools/bin/../lib/gcc/arm-none-eabi/13.3.1/../../../../arm-none-eabi/lib/thumb/v7e-m+fp/hard/libc_nano.a(libc_a-mallocr.o)
 .text._malloc_r
                0x0800c4c8      0x100 /opt/stm32cubeide/plugins/com.st.stm32cube.ide.mcu.externaltools.gnu-tools-for-stm32.13.3.rel1.linux64_1.0.0.202410170706/tools/bin/../lib/gcc/arm-none-eabi/13.3.1/../../../../arm-none-eabi/lib/thumb/v7e-m+fp/hard/libc_nano.a(libc_a-mallocr.o)
                0x0800c4c8                _malloc_r
 .text.__malloc_lock
                0x0800c5c8        0xc /opt/stm32cubeide/plugins/com.st.stm32cube.ide.mcu.externaltools.gnu-tools-for-stm32.13.3.rel1.linux64_1.0.0.202410170706/tools/bin/../lib/gcc/arm-none-eabi/13.3.1/../../../../arm-none-eabi/lib/thumb/v7e-m+fp/hard/libc_nano.a(libc_a-mlock.o)
                0x0800c5c8                __malloc_lock
 .text.__malloc_unlock
                0x0800c5d4        0xc /opt/stm32cubeide/plugins/com.st.stm32cube.ide.mcu.externaltools.gnu-tools-for-stm32.13.3.rel1.linux64_1.0.0.202410170706/tools/bin/../lib/gcc/arm-none-eabi/13.3.1/../../../../arm-none-eabi/lib/thumb/v7e-m+fp/hard/libc_nano.a(libc_a-mlock.o)
                0x0800c5d4                __malloc_unlock
 .text.__ssputs_r
                0x0800c5e0       0xb6 /opt/stm32cubeide/plugins/com.st.stm32cube.ide.mcu.externaltools.gnu-tools-for-stm32.13.3.rel1.linux64_1.0.0.202410170706/tools/bin/../lib/gcc/arm-none-eabi/13.3.1/../../../../arm-none-eabi/lib/thumb/v7e-m+fp/hard/libc_nano.a(libc_a-nano-svfprintf.o)
                0x0800c5e0                __ssputs_r
 *fill*         0x0800c696        0x2 
 .text._svfprintf_r
                0x0800c698      0x1f8 /opt/stm32cubeide/plugins/com.st.stm32cube.ide.mcu.externaltools.gnu-tools-for-stm32.13.3.rel1.linux64_1.0.0.202410170706/tools/bin/../lib/gcc/arm-none-eabi/13.3.1/../../../../arm-none-eabi/lib/thumb/v7e-m+fp/hard/libc_nano.a(libc_a-nano-svfprintf.o)
                0x0800c698                _svfprintf_r
                0x0800c698                _svfiprintf_r
 .text.__sfputc_r
                0x0800c890       0x2e /opt/stm32cubeide/plugins/com.st.stm32cube.ide.mcu.externaltools.gnu-tools-for-stm32.13.3.rel1.linux64_1.0.0.202410170706/tools/bin/../lib/gcc/arm-none-eabi/13.3.1/../../../../arm-none-eabi/lib/thumb/v7e-m+fp/hard/libc_nano.a(libc_a-nano-vfprintf.o)
 .text.__sfputs_r
                0x0800c8be       0x24 /opt/stm32cubeide/plugins/com.st.stm32cube.ide.mcu.externaltools.gnu-tools-for-stm32.13.3.rel1.linux64_1.0.0.202410170706/tools/bin/../lib/gcc/arm-none-eabi/13.3.1/../../../../arm-none-eabi/lib/thumb/v7e-m+fp/hard/libc_nano.a(libc_a-nano-vfprintf.o)
                0x0800c8be                __sfputs_r
 *fill*         0x0800c8e2        0x2 
 .text._vfprintf_r
                0x0800c8e4      0x230 /opt/stm32cubeide/plugins/com.st.stm32cube.ide.mcu.externaltools.gnu-tools-for-stm32.13.3.rel1.linux64_1.0.0.202410170706/tools/bin/../lib/gcc/arm-none-eabi/13.3.1/../../../../arm-none-eabi/lib/thumb/v7e-m+fp/hard/libc_nano.a(libc_a-nano-vfprintf.o)
                0x0800c8e4                _vfiprintf_r
                0x0800c8e4                _vfprintf_r
 .text._printf_common
                0x0800cb14       0xda /opt/stm32cubeide/plugins/com.st.stm32cube.ide.mcu.externaltools.gnu-tools-for-stm32.13.3.rel1.linux64_1.0.0.202410170706/tools/bin/../lib/gcc/arm-none-eabi/13.3.1/../../../../arm-none-eabi/lib/thumb/v7e-m+fp/hard/libc_nano.a(libc_a-nano-vfprintf_i.o)
                0x0800cb14                _printf_common
 *fill*         0x0800cbee        0x2 
 .text._printf_i
                0x0800cbf0      0x23c /opt/stm32cubeide/plugins/com.st.stm32cube.ide.mcu.externaltools.gnu-tools-for-stm32.13.3.rel1.linux64_1.0.0.202410170706/tools/bin/../lib/gcc/arm-none-eabi/13.3.1/../../../../arm-none-eabi/lib/thumb/v7e-m+fp/hard/libc_nano.a(libc_a-nano-vfprintf_i.o)
                0x0800cbf0                _printf_i
 .text.__sflush_r
                0x0800ce2c      0x108 /opt/stm32cubeide/plugins/com.st.stm32cube.ide.mcu.externaltools.gnu-tools-for-stm32.13.3.rel1.linux64_1.0.0.202410170706/tools/bin/../lib/gcc/arm-none-eabi/13.3.1/../../../../arm-none-eabi/lib/thumb/v7e-m+fp/hard/libc_nano.a(libc_a-fflush.o)
                0x0800ce2c                __sflush_r
 .text._fflush_r
                0x0800cf34       0x50 /opt/stm32cubeide/plugins/com.st.stm32cube.ide.mcu.externaltools.gnu-tools-for-stm32.13.3.rel1.linux64_1.0.0.202410170706/tools/bin/../lib/gcc/arm-none-eabi/13.3.1/../../../../arm-none-eabi/lib/thumb/v7e-m+fp/hard/libc_nano.a(libc_a-fflush.o)
                0x0800cf34                _fflush_r
 .text.__swhatbuf_r
                0x0800cf84       0x4c /opt/stm32cubeide/plugins/com.st.stm32cube.ide.mcu.externaltools.gnu-tools-for-stm32.13.3.rel1.linux64_1.0.0.202410170706/tools/bin/../lib/gcc/arm-none-eabi/13.3.1/../../../../arm-none-eabi/lib/thumb/v7e-m+fp/hard/libc_nano.a(libc_a-makebuf.o)
                0x0800cf84                __swhatbuf_r
 .text.__smakebuf_r
                0x0800cfd0       0x78 /opt/stm32cubeide/plugins/com.st.stm32cube.ide.mcu.externaltools.gnu-tools-for-stm32.13.3.rel1.linux64_1.0.0.202410170706/tools/bin/../lib/gcc/arm-none-eabi/13.3.1/../../../../arm-none-eabi/lib/thumb/v7e-m+fp/hard/libc_nano.a(libc_a-makebuf.o)
                0x0800cfd0                __smakebuf_r
 .text.memmove  0x0800d048       0x34 /opt/stm32cubeide/plugins/com.st.stm32cube.ide.mcu.externaltools.gnu-tools-for-stm32.13.3.rel1.linux64_1.0.0.202410170706/tools/bin/../lib/gcc/arm-none-eabi/13.3.1/../../../../arm-none-eabi/lib/thumb/v7e-m+fp/hard/libc_nano.a(libc_a-memmove.o)
                0x0800d048                memmove
 .text._fstat_r
                0x0800d07c       0x24 /opt/stm32cubeide/plugins/com.st.stm32cube.ide.mcu.externaltools.gnu-tools-for-stm32.13.3.rel1.linux64_1.0.0.202410170706/tools/bin/../lib/gcc/arm-none-eabi/13.3.1/../../../../arm-none-eabi/lib/thumb/v7e-m+fp/hard/libc_nano.a(libc_a-fstatr.o)
                0x0800d07c                _fstat_r
 .text._isatty_r
                0x0800d0a0       0x20 /opt/stm32cubeide/plugins/com.st.stm32cube.ide.mcu.externaltools.gnu-tools-for-stm32.13.3.rel1.linux64_1.0.0.202410170706/tools/bin/../lib/gcc/arm-none-eabi/13.3.1/../../../../arm-none-eabi/lib/thumb/v7e-m+fp/hard/libc_nano.a(libc_a-isattyr.o)
                0x0800d0a0                _isatty_r
 .text._sbrk_r  0x0800d0c0       0x20 /opt/stm32cubeide/plugins/com.st.stm32cube.ide.mcu.externaltools.gnu-tools-for-stm32.13.3.rel1.linux64_1.0.0.202410170706/tools/bin/../lib/gcc/arm-none-eabi/13.3.1/../../../../arm-none-eabi/lib/thumb/v7e-m+fp/hard/libc_nano.a(libc_a-sbrkr.o)
                0x0800d0c0                _sbrk_r
 .text._realloc_r
                0x0800d0e0       0x5c /opt/stm32cubeide/plugins/com.st.stm32cube.ide.mcu.externaltools.gnu-tools-for-stm32.13.3.rel1.linux64_1.0.0.202410170706/tools/bin/../lib/gcc/arm-none-eabi/13.3.1/../../../../arm-none-eabi/lib/thumb/v7e-m+fp/hard/libc_nano.a(libc_a-reallocr.o)
                0x0800d0e0                _realloc_r
 .text._malloc_usable_size_r
                0x0800d13c       0x10 /opt/stm32cubeide/plugins/com.st.stm32cube.ide.mcu.externaltools.gnu-tools-for-stm32.13.3.rel1.linux64_1.0.0.202410170706/tools/bin/../lib/gcc/arm-none-eabi/13.3.1/../../../../arm-none-eabi/lib/thumb/v7e-m+fp/hard/libc_nano.a(libc_a-msizer.o)
                0x0800d13c                _malloc_usable_size_r
 *(.glue_7)
 .glue_7        0x0800d14c        0x0 linker stubs
 *(.glue_7t)
 .glue_7t       0x0800d14c        0x0 linker stubs
 *(.eh_frame)
 .eh_frame      0x0800d14c        0x0 /opt/stm32cubeide/plugins/com.st.stm32cube.ide.mcu.externaltools.gnu-tools-for-stm32.13.3.rel1.linux64_1.0.0.202410170706/tools/bin/../lib/gcc/arm-none-eabi/13.3.1/thumb/v7e-m+fp/hard/crtbegin.o
 *(.init)
 .init          0x0800d14c        0x4 /opt/stm32cubeide/plugins/com.st.stm32cube.ide.mcu.externaltools.gnu-tools-for-stm32.13.3.rel1.linux64_1.0.0.202410170706/tools/bin/../lib/gcc/arm-none-eabi/13.3.1/thumb/v7e-m+fp/hard/crti.o
                0x0800d14c                _init
 .init          0x0800d150        0x8 /opt/stm32cubeide/plugins/com.st.stm32cube.ide.mcu.externaltools.gnu-tools-for-stm32.13.3.rel1.linux64_1.0.0.202410170706/tools/bin/../lib/gcc/arm-none-eabi/13.3.1/thumb/v7e-m+fp/hard/crtn.o
 *(.fini)
 .fini          0x0800d158        0x4 /opt/stm32cubeide/plugins/com.st.stm32cube.ide.mcu.externaltools.gnu-tools-for-stm32.13.3.rel1.linux64_1.0.0.202410170706/tools/bin/../lib/gcc/arm-none-eabi/13.3.1/thumb/v7e-m+fp/hard/crti.o
                0x0800d158                _fini
 .fini          0x0800d15c        0x8 /opt/stm32cubeide/plugins/com.st.stm32cube.ide.mcu.externaltools.gnu-tools-for-stm32.13.3.rel1.linux64_1.0.0.202410170706/tools/bin/../lib/gcc/arm-none-eabi/13.3.1/thumb/v7e-m+fp/hard/crtn.o
                0x0800d164                        . = ALIGN (0x4)
                0x0800d164                        _etext = .

.vfp11_veneer   0x0800d164        0x0
 .vfp11_veneer  0x0800d164        0x0 linker stubs

.v4_bx          0x0800d164        0x0
 .v4_bx         0x0800d164        0x0 linker stubs

.iplt           0x0800d164        0x0
 .iplt          0x0800d164        0x0 /opt/stm32cubeide/plugins/com.st.stm32cube.ide.mcu.externaltools.gnu-tools-for-stm32.13.3.rel1.linux64_1.0.0.202410170706/tools/bin/../lib/gcc/arm-none-eabi/13.3.1/thumb/v7e-m+fp/hard/crtbegin.o

.rodata         0x0800d164      0x3cc
                0x0800d164                        . = ALIGN (0x4)
 *(.rodata)
 .rodata        0x0800d164       0x1b ./Core/Src/audio/audio.o
 *fill*         0x0800d17f        0x1 
 .rodata        0x0800d180       0x28 ./Core/Src/freertos.o
 .rodata        0x0800d1a8       0x55 ./Core/Src/main.o
 *fill*         0x0800d1fd        0x3 
 .rodata        0x0800d200        0x5 ./Middlewares/Third_Party/FreeRTOS/Source/tasks.o
 *fill*         0x0800d205        0x3 
 .rodata        0x0800d208       0x2d ./sgtl5000/sgtl5000.o
 *fill*         0x0800d235        0x3 
 .rodata        0x0800d238       0xc7 ./shell/shell.o
 *fill*         0x0800d2ff        0x1 
 .rodata        0x0800d300       0xb2 ./shell/user_function.o
 *(.rodata*)
 *fill*         0x0800d3b2        0x2 
 .rodata.AHBPrescTable
                0x0800d3b4       0x10 ./Core/Src/system_stm32l4xx.o
                0x0800d3b4                AHBPrescTable
 .rodata.APBPrescTable
                0x0800d3c4        0x8 ./Core/Src/system_stm32l4xx.o
                0x0800d3c4                APBPrescTable
 .rodata.MSIRangeTable
                0x0800d3cc       0x30 ./Core/Src/system_stm32l4xx.o
                0x0800d3cc                MSIRangeTable
 .rodata._ctype_
                0x0800d3fc      0x101 /opt/stm32cubeide/plugins/com.st.stm32cube.ide.mcu.externaltools.gnu-tools-for-stm32.13.3.rel1.linux64_1.0.0.202410170706/tools/bin/../lib/gcc/arm-none-eabi/13.3.1/../../../../arm-none-eabi/lib/thumb/v7e-m+fp/hard/libc_nano.a(libc_a-ctype_.o)
                0x0800d3fc                _ctype_
 .rodata._svfprintf_r.str1.1
                0x0800d4fd       0x33 /opt/stm32cubeide/plugins/com.st.stm32cube.ide.mcu.externaltools.gnu-tools-for-stm32.13.3.rel1.linux64_1.0.0.202410170706/tools/bin/../lib/gcc/arm-none-eabi/13.3.1/../../../../arm-none-eabi/lib/thumb/v7e-m+fp/hard/libc_nano.a(libc_a-nano-svfprintf.o)
                                 0x11 (size before relaxing)
 .rodata._vfprintf_r.str1.1
                0x0800d530       0x11 /opt/stm32cubeide/plugins/com.st.stm32cube.ide.mcu.externaltools.gnu-tools-for-stm32.13.3.rel1.linux64_1.0.0.202410170706/tools/bin/../lib/gcc/arm-none-eabi/13.3.1/../../../../arm-none-eabi/lib/thumb/v7e-m+fp/hard/libc_nano.a(libc_a-nano-vfprintf.o)
 .rodata._printf_i.str1.1
                0x0800d530       0x22 /opt/stm32cubeide/plugins/com.st.stm32cube.ide.mcu.externaltools.gnu-tools-for-stm32.13.3.rel1.linux64_1.0.0.202410170706/tools/bin/../lib/gcc/arm-none-eabi/13.3.1/../../../../arm-none-eabi/lib/thumb/v7e-m+fp/hard/libc_nano.a(libc_a-nano-vfprintf_i.o)
                0x0800d554                        . = ALIGN (0x4)

.ARM.extab      0x0800d530        0x0
                0x0800d530                        . = ALIGN (0x4)
 *(.ARM.extab* .gnu.linkonce.armextab.*)
                0x0800d530                        . = ALIGN (0x4)

.ARM            0x0800d530        0x8
                0x0800d530                        . = ALIGN (0x4)
                0x0800d530                        __exidx_start = .
 *(.ARM.exidx*)
 .ARM.exidx     0x0800d530        0x8 /opt/stm32cubeide/plugins/com.st.stm32cube.ide.mcu.externaltools.gnu-tools-for-stm32.13.3.rel1.linux64_1.0.0.202410170706/tools/bin/../lib/gcc/arm-none-eabi/13.3.1/../../../../arm-none-eabi/lib/thumb/v7e-m+fp/hard/libc_nano.a(libc_a-memchr.o)
 .ARM.exidx     0x0800d538        0x0 /opt/stm32cubeide/plugins/com.st.stm32cube.ide.mcu.externaltools.gnu-tools-for-stm32.13.3.rel1.linux64_1.0.0.202410170706/tools/bin/../lib/gcc/arm-none-eabi/13.3.1/thumb/v7e-m+fp/hard/libgcc.a(_udivmoddi4.o)
                                  0x8 (size before relaxing)
                0x0800d538                        __exidx_end = .
                0x0800d538                        . = ALIGN (0x4)

.preinit_array  0x0800d538        0x0
                0x0800d538                        . = ALIGN (0x4)
                0x0800d538                        PROVIDE (__preinit_array_start = .)
 *(.preinit_array*)
                0x0800d538                        PROVIDE (__preinit_array_end = .)
                0x0800d538                        . = ALIGN (0x4)

.init_array     0x0800d538        0x4
                0x0800d538                        . = ALIGN (0x4)
                0x0800d538                        PROVIDE (__init_array_start = .)
 *(SORT_BY_NAME(.init_array.*))
 *(.init_array*)
 .init_array    0x0800d538        0x4 /opt/stm32cubeide/plugins/com.st.stm32cube.ide.mcu.externaltools.gnu-tools-for-stm32.13.3.rel1.linux64_1.0.0.202410170706/tools/bin/../lib/gcc/arm-none-eabi/13.3.1/thumb/v7e-m+fp/hard/crtbegin.o
                0x0800d53c                        PROVIDE (__init_array_end = .)
                0x0800d53c                        . = ALIGN (0x4)

.fini_array     0x0800d53c        0x4
                0x0800d53c                        . = ALIGN (0x4)
                [!provide]                        PROVIDE (__fini_array_start = .)
 *(SORT_BY_NAME(.fini_array.*))
 *(.fini_array*)
 .fini_array    0x0800d53c        0x4 /opt/stm32cubeide/plugins/com.st.stm32cube.ide.mcu.externaltools.gnu-tools-for-stm32.13.3.rel1.linux64_1.0.0.202410170706/tools/bin/../lib/gcc/arm-none-eabi/13.3.1/thumb/v7e-m+fp/hard/crtbegin.o
                [!provide]                        PROVIDE (__fini_array_end = .)
                0x0800d540                        . = ALIGN (0x4)
                0x0800d540                        _sidata = LOADADDR (.data)

.rel.dyn        0x0800d540        0x0
 .rel.iplt      0x0800d540        0x0 /opt/stm32cubeide/plugins/com.st.stm32cube.ide.mcu.externaltools.gnu-tools-for-stm32.13.3.rel1.linux64_1.0.0.202410170706/tools/bin/../lib/gcc/arm-none-eabi/13.3.1/thumb/v7e-m+fp/hard/crtbegin.o

.data           0x20000000      0x3d0 load address 0x0800d540
                0x20000000                        . = ALIGN (0x4)
                0x20000000                        _sdata = .
 *(.data)
 *(.data*)
 .data.h_shell  0x20000000      0x364 ./Core/Src/main.o
                0x20000000                h_shell
 .data.SystemCoreClock
                0x20000364        0x4 ./Core/Src/system_stm32l4xx.o
                0x20000364                SystemCoreClock
 .data.uwTickPrio
                0x20000368        0x4 ./Drivers/STM32L4xx_HAL_Driver/Src/stm32l4xx_hal.o
                0x20000368                uwTickPrio
 .data.uwTickFreq
                0x2000036c        0x1 ./Drivers/STM32L4xx_HAL_Driver/Src/stm32l4xx_hal.o
                0x2000036c                uwTickFreq
 *fill*         0x2000036d        0x3 
 .data.uxCriticalNesting
                0x20000370        0x4 ./Middlewares/Third_Party/FreeRTOS/Source/portable/GCC/ARM_CM4F/port.o
 .data.__sglue  0x20000374        0xc /opt/stm32cubeide/plugins/com.st.stm32cube.ide.mcu.externaltools.gnu-tools-for-stm32.13.3.rel1.linux64_1.0.0.202410170706/tools/bin/../lib/gcc/arm-none-eabi/13.3.1/../../../../arm-none-eabi/lib/thumb/v7e-m+fp/hard/libc_nano.a(libc_a-findfp.o)
                0x20000374                __sglue
 .data._impure_ptr
                0x20000380        0x4 /opt/stm32cubeide/plugins/com.st.stm32cube.ide.mcu.externaltools.gnu-tools-for-stm32.13.3.rel1.linux64_1.0.0.202410170706/tools/bin/../lib/gcc/arm-none-eabi/13.3.1/../../../../arm-none-eabi/lib/thumb/v7e-m+fp/hard/libc_nano.a(libc_a-impure.o)
                0x20000380                _impure_ptr
 .data._impure_data
                0x20000384       0x4c /opt/stm32cubeide/plugins/com.st.stm32cube.ide.mcu.externaltools.gnu-tools-for-stm32.13.3.rel1.linux64_1.0.0.202410170706/tools/bin/../lib/gcc/arm-none-eabi/13.3.1/../../../../arm-none-eabi/lib/thumb/v7e-m+fp/hard/libc_nano.a(libc_a-impure.o)
                0x20000384                _impure_data
 *(.RamFunc)
 *(.RamFunc*)
                0x200003d0                        . = ALIGN (0x4)
                0x200003d0                        _edata = .

.igot.plt       0x200003d0        0x0 load address 0x0800d910
 .igot.plt      0x200003d0        0x0 /opt/stm32cubeide/plugins/com.st.stm32cube.ide.mcu.externaltools.gnu-tools-for-stm32.13.3.rel1.linux64_1.0.0.202410170706/tools/bin/../lib/gcc/arm-none-eabi/13.3.1/thumb/v7e-m+fp/hard/crtbegin.o
                0x200003d0                        . = ALIGN (0x4)

.bss            0x200003d0     0x9be8 load address 0x0800d910
                0x200003d0                        _sbss = .
                0x200003d0                        __bss_start__ = _sbss
 *(.bss)
 .bss           0x200003d0       0x1c /opt/stm32cubeide/plugins/com.st.stm32cube.ide.mcu.externaltools.gnu-tools-for-stm32.13.3.rel1.linux64_1.0.0.202410170706/tools/bin/../lib/gcc/arm-none-eabi/13.3.1/thumb/v7e-m+fp/hard/crtbegin.o
 *(.bss*)
 .bss.sai_tx_dma_buffer
                0x200003ec     0x2000 ./Core/Src/audio/audio.o
 .bss.sai_tx_half_complete
                0x200023ec        0x1 ./Core/Src/audio/audio.o
                0x200023ec                sai_tx_half_complete
 .bss.sai_tx_full_complete
                0x200023ed        0x1 ./Core/Src/audio/audio.o
                0x200023ed                sai_tx_full_complete
 *fill*         0x200023ee        0x2 
 .bss.sai_rx_dma_buffer
                0x200023f0     0x2000 ./Core/Src/audio/audio.o
 .bss.sai_rx_half_complete
                0x200043f0        0x1 ./Core/Src/audio/audio.o
                0x200043f0                sai_rx_half_complete
 .bss.sai_rx_full_complete
                0x200043f1        0x1 ./Core/Src/audio/audio.o
                0x200043f1                sai_rx_full_complete
 *fill*         0x200043f2        0x2 
 .bss.triangle_phase
                0x200043f4        0x4 ./Core/Src/audio/audio.o
 .bss.counter.0
                0x200043f8        0x4 ./Core/Src/audio/audio.o
 .bss.defaultTaskHandle
                0x200043fc        0x4 ./Core/Src/freertos.o
                0x200043fc                defaultTaskHandle
 .bss.xIdleTaskTCBBuffer
                0x20004400       0xa0 ./Core/Src/freertos.o
 .bss.xIdleStack
                0x200044a0      0x200 ./Core/Src/freertos.o
 .bss.hi2c2     0x200046a0       0x54 ./Core/Src/i2c.o
                0x200046a0                hi2c2
 .bss.mcp       0x200046f4       0x20 ./Core/Src/main.o
                0x200046f4                mcp
 .bss.h_sgtl5000
                0x20004714        0x8 ./Core/Src/main.o
                0x20004714                h_sgtl5000
 .bss.h_RC_filter
                0x2000471c       0x10 ./Core/Src/main.o
                0x2000471c                h_RC_filter
 .bss.mutex     0x2000472c        0x4 ./Core/Src/main.o
                0x2000472c                mutex
 .bss.sai_tx_sem
                0x20004730        0x4 ./Core/Src/main.o
                0x20004730                sai_tx_sem
 .bss.sai_rx_sem
                0x20004734        0x4 ./Core/Src/main.o
                0x20004734                sai_rx_sem
 .bss.hsai_BlockA2
                0x20004738       0x84 ./Core/Src/sai.o
                0x20004738                hsai_BlockA2
 .bss.hsai_BlockB2
                0x200047bc       0x84 ./Core/Src/sai.o
                0x200047bc                hsai_BlockB2
 .bss.hdma_sai2_a
                0x20004840       0x48 ./Core/Src/sai.o
                0x20004840                hdma_sai2_a
 .bss.hdma_sai2_b
                0x20004888       0x48 ./Core/Src/sai.o
                0x20004888                hdma_sai2_b
 .bss.SAI2_client
                0x200048d0        0x4 ./Core/Src/sai.o
 .bss.hspi3     0x200048d4       0x64 ./Core/Src/spi.o
                0x200048d4                hspi3
 .bss.htim6     0x20004938       0x4c ./Core/Src/stm32l4xx_hal_timebase_tim.o
                0x20004938                htim6
 .bss.__sbrk_heap_end
                0x20004984        0x4 ./Core/Src/sysmem.o
 .bss.huart2    0x20004988       0x88 ./Core/Src/usart.o
                0x20004988                huart2
 .bss.hpcd_USB_OTG_FS
                0x20004a10      0x4e4 ./Core/Src/usb_otg.o
                0x20004a10                hpcd_USB_OTG_FS
 .bss.uwTick    0x20004ef4        0x4 ./Drivers/STM32L4xx_HAL_Driver/Src/stm32l4xx_hal.o
                0x20004ef4                uwTick
 .bss.pxCurrentTCB
                0x20004ef8        0x4 ./Middlewares/Third_Party/FreeRTOS/Source/tasks.o
                0x20004ef8                pxCurrentTCB
 .bss.pxReadyTasksLists
                0x20004efc       0x8c ./Middlewares/Third_Party/FreeRTOS/Source/tasks.o
 .bss.xDelayedTaskList1
                0x20004f88       0x14 ./Middlewares/Third_Party/FreeRTOS/Source/tasks.o
 .bss.xDelayedTaskList2
                0x20004f9c       0x14 ./Middlewares/Third_Party/FreeRTOS/Source/tasks.o
 .bss.pxDelayedTaskList
                0x20004fb0        0x4 ./Middlewares/Third_Party/FreeRTOS/Source/tasks.o
 .bss.pxOverflowDelayedTaskList
                0x20004fb4        0x4 ./Middlewares/Third_Party/FreeRTOS/Source/tasks.o
 .bss.xPendingReadyList
                0x20004fb8       0x14 ./Middlewares/Third_Party/FreeRTOS/Source/tasks.o
 .bss.xTasksWaitingTermination
                0x20004fcc       0x14 ./Middlewares/Third_Party/FreeRTOS/Source/tasks.o
 .bss.uxDeletedTasksWaitingCleanUp
                0x20004fe0        0x4 ./Middlewares/Third_Party/FreeRTOS/Source/tasks.o
 .bss.xSuspendedTaskList
                0x20004fe4       0x14 ./Middlewares/Third_Party/FreeRTOS/Source/tasks.o
 .bss.uxCurrentNumberOfTasks
                0x20004ff8        0x4 ./Middlewares/Third_Party/FreeRTOS/Source/tasks.o
 .bss.xTickCount
                0x20004ffc        0x4 ./Middlewares/Third_Party/FreeRTOS/Source/tasks.o
 .bss.uxTopReadyPriority
                0x20005000        0x4 ./Middlewares/Third_Party/FreeRTOS/Source/tasks.o
 .bss.xSchedulerRunning
                0x20005004        0x4 ./Middlewares/Third_Party/FreeRTOS/Source/tasks.o
 .bss.xPendedTicks
                0x20005008        0x4 ./Middlewares/Third_Party/FreeRTOS/Source/tasks.o
 .bss.xYieldPending
                0x2000500c        0x4 ./Middlewares/Third_Party/FreeRTOS/Source/tasks.o
 .bss.xNumOfOverflows
                0x20005010        0x4 ./Middlewares/Third_Party/FreeRTOS/Source/tasks.o
 .bss.uxTaskNumber
                0x20005014        0x4 ./Middlewares/Third_Party/FreeRTOS/Source/tasks.o
 .bss.xNextTaskUnblockTime
                0x20005018        0x4 ./Middlewares/Third_Party/FreeRTOS/Source/tasks.o
 .bss.xIdleTaskHandle
                0x2000501c        0x4 ./Middlewares/Third_Party/FreeRTOS/Source/tasks.o
 .bss.uxSchedulerSuspended
                0x20005020        0x4 ./Middlewares/Third_Party/FreeRTOS/Source/tasks.o
 .bss.ucMaxSysCallPriority
                0x20005024        0x1 ./Middlewares/Third_Party/FreeRTOS/Source/portable/GCC/ARM_CM4F/port.o
 *fill*         0x20005025        0x3 
 .bss.ulMaxPRIGROUPValue
                0x20005028        0x4 ./Middlewares/Third_Party/FreeRTOS/Source/portable/GCC/ARM_CM4F/port.o
 .bss.ucHeap    0x2000502c     0x4e20 ./Middlewares/Third_Party/FreeRTOS/Source/portable/MemMang/heap_4.o
 .bss.xStart    0x20009e4c        0x8 ./Middlewares/Third_Party/FreeRTOS/Source/portable/MemMang/heap_4.o
 .bss.pxEnd     0x20009e54        0x4 ./Middlewares/Third_Party/FreeRTOS/Source/portable/MemMang/heap_4.o
 .bss.xFreeBytesRemaining
                0x20009e58        0x4 ./Middlewares/Third_Party/FreeRTOS/Source/portable/MemMang/heap_4.o
 .bss.xMinimumEverFreeBytesRemaining
                0x20009e5c        0x4 ./Middlewares/Third_Party/FreeRTOS/Source/portable/MemMang/heap_4.o
 .bss.xNumberOfSuccessfulAllocations
                0x20009e60        0x4 ./Middlewares/Third_Party/FreeRTOS/Source/portable/MemMang/heap_4.o
 .bss.xNumberOfSuccessfulFrees
                0x20009e64        0x4 ./Middlewares/Third_Party/FreeRTOS/Source/portable/MemMang/heap_4.o
 .bss.xBlockAllocatedBit
                0x20009e68        0x4 ./Middlewares/Third_Party/FreeRTOS/Source/portable/MemMang/heap_4.o
 .bss.__sf      0x20009e6c      0x138 /opt/stm32cubeide/plugins/com.st.stm32cube.ide.mcu.externaltools.gnu-tools-for-stm32.13.3.rel1.linux64_1.0.0.202410170706/tools/bin/../lib/gcc/arm-none-eabi/13.3.1/../../../../arm-none-eabi/lib/thumb/v7e-m+fp/hard/libc_nano.a(libc_a-findfp.o)
                0x20009e6c                __sf
 .bss.__stdio_exit_handler
                0x20009fa4        0x4 /opt/stm32cubeide/plugins/com.st.stm32cube.ide.mcu.externaltools.gnu-tools-for-stm32.13.3.rel1.linux64_1.0.0.202410170706/tools/bin/../lib/gcc/arm-none-eabi/13.3.1/../../../../arm-none-eabi/lib/thumb/v7e-m+fp/hard/libc_nano.a(libc_a-findfp.o)
                0x20009fa4                __stdio_exit_handler
 .bss.errno     0x20009fa8        0x4 /opt/stm32cubeide/plugins/com.st.stm32cube.ide.mcu.externaltools.gnu-tools-for-stm32.13.3.rel1.linux64_1.0.0.202410170706/tools/bin/../lib/gcc/arm-none-eabi/13.3.1/../../../../arm-none-eabi/lib/thumb/v7e-m+fp/hard/libc_nano.a(libc_a-reent.o)
                0x20009fa8                errno
 .bss.__lock___malloc_recursive_mutex
                0x20009fac        0x1 /opt/stm32cubeide/plugins/com.st.stm32cube.ide.mcu.externaltools.gnu-tools-for-stm32.13.3.rel1.linux64_1.0.0.202410170706/tools/bin/../lib/gcc/arm-none-eabi/13.3.1/../../../../arm-none-eabi/lib/thumb/v7e-m+fp/hard/libc_nano.a(libc_a-lock.o)
                0x20009fac                __lock___malloc_recursive_mutex
 .bss.__lock___sfp_recursive_mutex
                0x20009fad        0x1 /opt/stm32cubeide/plugins/com.st.stm32cube.ide.mcu.externaltools.gnu-tools-for-stm32.13.3.rel1.linux64_1.0.0.202410170706/tools/bin/../lib/gcc/arm-none-eabi/13.3.1/../../../../arm-none-eabi/lib/thumb/v7e-m+fp/hard/libc_nano.a(libc_a-lock.o)
                0x20009fad                __lock___sfp_recursive_mutex
 *fill*         0x20009fae        0x2 
 .bss.__malloc_sbrk_start
                0x20009fb0        0x4 /opt/stm32cubeide/plugins/com.st.stm32cube.ide.mcu.externaltools.gnu-tools-for-stm32.13.3.rel1.linux64_1.0.0.202410170706/tools/bin/../lib/gcc/arm-none-eabi/13.3.1/../../../../arm-none-eabi/lib/thumb/v7e-m+fp/hard/libc_nano.a(libc_a-mallocr.o)
                0x20009fb0                __malloc_sbrk_start
 .bss.__malloc_free_list
                0x20009fb4        0x4 /opt/stm32cubeide/plugins/com.st.stm32cube.ide.mcu.externaltools.gnu-tools-for-stm32.13.3.rel1.linux64_1.0.0.202410170706/tools/bin/../lib/gcc/arm-none-eabi/13.3.1/../../../../arm-none-eabi/lib/thumb/v7e-m+fp/hard/libc_nano.a(libc_a-mallocr.o)
                0x20009fb4                __malloc_free_list
 *(COMMON)
                0x20009fb8                        . = ALIGN (0x4)
                0x20009fb8                        _ebss = .
                0x20009fb8                        __bss_end__ = _ebss

._user_heap_stack
                0x20009fb8      0x600 load address 0x0800d910
                0x20009fb8                        . = ALIGN (0x8)
                [!provide]                        PROVIDE (end = .)
                0x20009fb8                        PROVIDE (_end = .)
                0x2000a1b8                        . = (. + _Min_Heap_Size)
 *fill*         0x20009fb8      0x200 
                0x2000a5b8                        . = (. + _Min_Stack_Size)
 *fill*         0x2000a1b8      0x400 
                0x2000a5b8                        . = ALIGN (0x8)

/DISCARD/
 libc.a(*)
 libm.a(*)
 libgcc.a(*)

.ARM.attributes
                0x00000000       0x30
 *(.ARM.attributes)
 .ARM.attributes
                0x00000000       0x22 /opt/stm32cubeide/plugins/com.st.stm32cube.ide.mcu.externaltools.gnu-tools-for-stm32.13.3.rel1.linux64_1.0.0.202410170706/tools/bin/../lib/gcc/arm-none-eabi/13.3.1/thumb/v7e-m+fp/hard/crti.o
 .ARM.attributes
                0x00000022       0x34 /opt/stm32cubeide/plugins/com.st.stm32cube.ide.mcu.externaltools.gnu-tools-for-stm32.13.3.rel1.linux64_1.0.0.202410170706/tools/bin/../lib/gcc/arm-none-eabi/13.3.1/thumb/v7e-m+fp/hard/crtbegin.o
 .ARM.attributes
                0x00000056       0x34 ./Core/Src/audio/RCFilter.o
 .ARM.attributes
                0x0000008a       0x34 ./Core/Src/audio/audio.o